Component: ARM Compiler 5.06 update 5 (build 528) Tool: armlink [4d35e2]

==============================================================================

Section Cross References

    startup_stm32f407xx.o(STACK) refers (Special) to heapauxi.o(.text) for __use_two_region_memory
    startup_stm32f407xx.o(HEAP) refers (Special) to heapauxi.o(.text) for __use_two_region_memory
    startup_stm32f407xx.o(RESET) refers (Special) to heapauxi.o(.text) for __use_two_region_memory
    startup_stm32f407xx.o(RESET) refers to startup_stm32f407xx.o(STACK) for __initial_sp
    startup_stm32f407xx.o(RESET) refers to startup_stm32f407xx.o(.text) for Reset_Handler
    startup_stm32f407xx.o(RESET) refers to stm32f4xx_it.o(i.NMI_Handler) for NMI_Handler
    startup_stm32f407xx.o(RESET) refers to stm32f4xx_it.o(i.HardFault_Handler) for HardFault_Handler
    startup_stm32f407xx.o(RESET) refers to stm32f4xx_it.o(i.MemManage_Handler) for MemManage_Handler
    startup_stm32f407xx.o(RESET) refers to stm32f4xx_it.o(i.BusFault_Handler) for BusFault_Handler
    startup_stm32f407xx.o(RESET) refers to stm32f4xx_it.o(i.UsageFault_Handler) for UsageFault_Handler
    startup_stm32f407xx.o(RESET) refers to stm32f4xx_it.o(i.SVC_Handler) for SVC_Handler
    startup_stm32f407xx.o(RESET) refers to stm32f4xx_it.o(i.DebugMon_Handler) for DebugMon_Handler
    startup_stm32f407xx.o(RESET) refers to stm32f4xx_it.o(i.PendSV_Handler) for PendSV_Handler
    startup_stm32f407xx.o(RESET) refers to stm32f4xx_it.o(i.SysTick_Handler) for SysTick_Handler
    startup_stm32f407xx.o(RESET) refers to stm32f4xx_it.o(i.EXTI0_IRQHandler) for EXTI0_IRQHandler
    startup_stm32f407xx.o(RESET) refers to stm32f4xx_it.o(i.EXTI1_IRQHandler) for EXTI1_IRQHandler
    startup_stm32f407xx.o(RESET) refers to stm32f4xx_it.o(i.EXTI2_IRQHandler) for EXTI2_IRQHandler
    startup_stm32f407xx.o(RESET) refers to stm32f4xx_it.o(i.DMA1_Stream1_IRQHandler) for DMA1_Stream1_IRQHandler
    startup_stm32f407xx.o(RESET) refers to stm32f4xx_it.o(i.USART3_IRQHandler) for USART3_IRQHandler
    startup_stm32f407xx.o(.text) refers (Special) to heapauxi.o(.text) for __use_two_region_memory
    startup_stm32f407xx.o(.text) refers to system_stm32f4xx.o(i.SystemInit) for SystemInit
    startup_stm32f407xx.o(.text) refers to __main.o(!!!main) for __main
    startup_stm32f407xx.o(.text) refers to startup_stm32f407xx.o(HEAP) for Heap_Mem
    startup_stm32f407xx.o(.text) refers to startup_stm32f407xx.o(STACK) for Stack_Mem
    main.o(i.HAL_GPIO_EXTI_Callback) refers to axis_control.o(i.Axis_LimitSwitchCallback) for Axis_LimitSwitchCallback
    main.o(i.MX_DMA_Init) refers to stm32f4xx_hal_cortex.o(i.HAL_NVIC_SetPriority) for HAL_NVIC_SetPriority
    main.o(i.MX_DMA_Init) refers to stm32f4xx_hal_cortex.o(i.HAL_NVIC_EnableIRQ) for HAL_NVIC_EnableIRQ
    main.o(i.MX_GPIO_Init) refers to rt_memclr_w.o(.text) for __aeabi_memclr4
    main.o(i.MX_GPIO_Init) refers to stm32f4xx_hal_gpio.o(i.HAL_GPIO_WritePin) for HAL_GPIO_WritePin
    main.o(i.MX_GPIO_Init) refers to stm32f4xx_hal_gpio.o(i.HAL_GPIO_Init) for HAL_GPIO_Init
    main.o(i.MX_GPIO_Init) refers to stm32f4xx_hal_cortex.o(i.HAL_NVIC_SetPriority) for HAL_NVIC_SetPriority
    main.o(i.MX_GPIO_Init) refers to stm32f4xx_hal_cortex.o(i.HAL_NVIC_EnableIRQ) for HAL_NVIC_EnableIRQ
    main.o(i.MX_TIM1_Init) refers to rt_memclr_w.o(.text) for __aeabi_memclr4
    main.o(i.MX_TIM1_Init) refers to stm32f4xx_hal_tim.o(i.HAL_TIM_Base_Init) for HAL_TIM_Base_Init
    main.o(i.MX_TIM1_Init) refers to main.o(i.Error_Handler) for Error_Handler
    main.o(i.MX_TIM1_Init) refers to stm32f4xx_hal_tim.o(i.HAL_TIM_ConfigClockSource) for HAL_TIM_ConfigClockSource
    main.o(i.MX_TIM1_Init) refers to stm32f4xx_hal_tim.o(i.HAL_TIM_PWM_Init) for HAL_TIM_PWM_Init
    main.o(i.MX_TIM1_Init) refers to stm32f4xx_hal_tim_ex.o(i.HAL_TIMEx_MasterConfigSynchronization) for HAL_TIMEx_MasterConfigSynchronization
    main.o(i.MX_TIM1_Init) refers to stm32f4xx_hal_tim.o(i.HAL_TIM_PWM_ConfigChannel) for HAL_TIM_PWM_ConfigChannel
    main.o(i.MX_TIM1_Init) refers to stm32f4xx_hal_tim_ex.o(i.HAL_TIMEx_ConfigBreakDeadTime) for HAL_TIMEx_ConfigBreakDeadTime
    main.o(i.MX_TIM1_Init) refers to stm32f4xx_hal_msp.o(i.HAL_TIM_MspPostInit) for HAL_TIM_MspPostInit
    main.o(i.MX_TIM1_Init) refers to main.o(.bss) for htim1
    main.o(i.MX_TIM2_Init) refers to rt_memclr_w.o(.text) for __aeabi_memclr4
    main.o(i.MX_TIM2_Init) refers to stm32f4xx_hal_tim.o(i.HAL_TIM_Base_Init) for HAL_TIM_Base_Init
    main.o(i.MX_TIM2_Init) refers to main.o(i.Error_Handler) for Error_Handler
    main.o(i.MX_TIM2_Init) refers to stm32f4xx_hal_tim.o(i.HAL_TIM_ConfigClockSource) for HAL_TIM_ConfigClockSource
    main.o(i.MX_TIM2_Init) refers to stm32f4xx_hal_tim.o(i.HAL_TIM_PWM_Init) for HAL_TIM_PWM_Init
    main.o(i.MX_TIM2_Init) refers to stm32f4xx_hal_tim_ex.o(i.HAL_TIMEx_MasterConfigSynchronization) for HAL_TIMEx_MasterConfigSynchronization
[...]
    i.TIM_ETR_SetConfig                      0x080040ea   Section        0  stm32f4xx_hal_tim.o(i.TIM_ETR_SetConfig)
    i.TIM_ITRx_SetConfig                     0x08004100   Section        0  stm32f4xx_hal_tim.o(i.TIM_ITRx_SetConfig)
    TIM_ITRx_SetConfig                       0x08004101   Thumb Code    18  stm32f4xx_hal_tim.o(i.TIM_ITRx_SetConfig)
    i.TIM_OC1_SetConfig                      0x08004114   Section        0  stm32f4xx_hal_tim.o(i.TIM_OC1_SetConfig)
    TIM_OC1_SetConfig                        0x08004115   Thumb Code   104  stm32f4xx_hal_tim.o(i.TIM_OC1_SetConfig)
    i.TIM_OC2_SetConfig                      0x08004184   Section        0  stm32f4xx_hal_tim.o(i.TIM_OC2_SetConfig)
    i.TIM_OC3_SetConfig                      0x08004200   Section        0  stm32f4xx_hal_tim.o(i.TIM_OC3_SetConfig)
    TIM_OC3_SetConfig                        0x08004201   Thumb Code   112  stm32f4xx_hal_tim.o(i.TIM_OC3_SetConfig)
    i.TIM_OC4_SetConfig                      0x08004278   Section        0  stm32f4xx_hal_tim.o(i.TIM_OC4_SetConfig)
    TIM_OC4_SetConfig                        0x08004279   Thumb Code    74  stm32f4xx_hal_tim.o(i.TIM_OC4_SetConfig)
    i.TIM_TI1_ConfigInputStage               0x080042cc   Section        0  stm32f4xx_hal_tim.o(i.TIM_TI1_ConfigInputStage)
    TIM_TI1_ConfigInputStage                 0x080042cd   Thumb Code    38  stm32f4xx_hal_tim.o(i.TIM_TI1_ConfigInputStage)
    i.TIM_TI2_ConfigInputStage               0x080042f2   Section        0  stm32f4xx_hal_tim.o(i.TIM_TI2_ConfigInputStage)
    TIM_TI2_ConfigInputStage                 0x080042f3   Thumb Code    40  stm32f4xx_hal_tim.o(i.TIM_TI2_ConfigInputStage)
    i.UART_DMAAbortOnError                   0x0800431a   Section        0  stm32f4xx_hal_uart.o(i.UART_DMAAbortOnError)
    UART_DMAAbortOnError                     0x0800431b   Thumb Code    18  stm32f4xx_hal_uart.o(i.UART_DMAAbortOnError)
    i.UART_DMAError                          0x0800432c   Section        0  stm32f4xx_hal_uart.o(i.UART_DMAError)
    UART_DMAError                            0x0800432d   Thumb Code    80  stm32f4xx_hal_uart.o(i.UART_DMAError)
    i.UART_DMAReceiveCplt                    0x0800437c   Section        0  stm32f4xx_hal_uart.o(i.UART_DMAReceiveCplt)
    UART_DMAReceiveCplt                      0x0800437d   Thumb Code   180  stm32f4xx_hal_uart.o(i.UART_DMAReceiveCplt)
    i.UART_DMARxHalfCplt                     0x08004430   Section        0  stm32f4xx_hal_uart.o(i.UART_DMARxHalfCplt)
    UART_DMARxHalfCplt                       0x08004431   Thumb Code    36  stm32f4xx_hal_uart.o(i.UART_DMARxHalfCplt)
    i.UART_EndRxTransfer                     0x08004454   Section        0  stm32f4xx_hal_uart.o(i.UART_EndRxTransfer)
    UART_EndRxTransfer                       0x08004455   Thumb Code   108  stm32f4xx_hal_uart.o(i.UART_EndRxTransfer)
    i.UART_EndTransmit_IT                    0x080044c0   Section        0  stm32f4xx_hal_uart.o(i.UART_EndTransmit_IT)
    UART_EndTransmit_IT                      0x080044c1   Thumb Code    32  stm32f4xx_hal_uart.o(i.UART_EndTransmit_IT)
    i.UART_EndTxTransfer                     0x080044e0   Section        0  stm32f4xx_hal_uart.o(i.UART_EndTxTransfer)
    UART_EndTxTransfer                       0x080044e1   Thumb Code    38  stm32f4xx_hal_uart.o(i.UART_EndTxTransfer)
    i.UART_Receive_IT                        0x08004506   Section        0  stm32f4xx_hal_uart.o(i.UART_Receive_IT)
    UART_Receive_IT                          0x08004507   Thumb Code   252  stm32f4xx_hal_uart.o(i.UART_Receive_IT)
    i.UART_SetConfig                         0x08004604   Section        0  stm32f4xx_hal_uart.o(i.UART_SetConfig)
    UART_SetConfig                           0x08004605   Thumb Code   546  stm32f4xx_hal_uart.o(i.UART_SetConfig)
    i.UART_Start_Receive_DMA                 0x08004830   Section        0  stm32f4xx_hal_uart.o(i.UART_Start_Receive_DMA)
    i.UART_Transmit_IT                       0x08004908   Section        0  stm32f4xx_hal_uart.o(i.UART_Transmit_IT)
    UART_Transmit_IT                         0x08004909   Thumb Code    96  stm32f4xx_hal_uart.o(i.UART_Transmit_IT)
    i.UART_WaitOnFlagUntilTimeout            0x08004968   Section        0  stm32f4xx_hal_uart.o(i.UART_WaitOnFlagUntilTimeout)
    UART_WaitOnFlagUntilTimeout              0x08004969   Thumb Code   140  stm32f4xx_hal_uart.o(i.UART_WaitOnFlagUntilTimeout)
    i.USART3_IRQHandler                      0x080049f4   Section        0  stm32f4xx_it.o(i.USART3_IRQHandler)
    i.UpdateAxisFrequency                    0x08004a30   Section        0  axis_control.o(i.UpdateAxisFrequency)
    UpdateAxisFrequency                      0x08004a31   Thumb Code   230  axis_control.o(i.UpdateAxisFrequency)
    i.UsageFault_Handler                     0x08004b34   Section        0  stm32f4xx_it.o(i.UsageFault_Handler)
    i.__ARM_fpclassifyf                      0x08004b38   Section        0  fpclassifyf.o(i.__ARM_fpclassifyf)
    i.__NVIC_GetPriorityGrouping             0x08004b60   Section        0  stm32f4xx_hal_cortex.o(i.__NVIC_GetPriorityGrouping)
    __NVIC_GetPriorityGrouping               0x08004b61   Thumb Code    10  stm32f4xx_hal_cortex.o(i.__NVIC_GetPriorityGrouping)
    i.__NVIC_SetPriority                     0x08004b70   Section        0  stm32f4xx_hal_cortex.o(i.__NVIC_SetPriority)
    __NVIC_SetPriority                       0x08004b71   Thumb Code    32  stm32f4xx_hal_cortex.o(i.__NVIC_SetPriority)
    i.__hardfp_atan2f                        0x08004b98   Section        0  atan2f.o(i.__hardfp_atan2f)
    i.__hardfp_cosf                          0x08004de8   Section        0  cosf.o(i.__hardfp_cosf)
    i.__hardfp_sinf                          0x08004f38   Section        0  sinf.o(i.__hardfp_sinf)
    i.__mathlib_flt_infnan                   0x080050c8   Section        0  funder.o(i.__mathlib_flt_infnan)
    i.__mathlib_flt_infnan2                  0x080050ce   Section        0  funder.o(i.__mathlib_flt_infnan2)
    i.__mathlib_flt_invalid                  0x080050d4   Section        0  funder.o(i.__mathlib_flt_invalid)
    i.__mathlib_flt_underflow                0x080050e4   Section        0  funder.o(i.__mathlib_flt_underflow)
    i.__mathlib_rredf2                       0x080050f4   Section        0  rredf.o(i.__mathlib_rredf2)
    i.evaluate                               0x08005248   Section        0  chess_logic.o(i.evaluate)
    evaluate                                 0x08005249   Thumb Code    34  chess_logic.o(i.evaluate)
    i.get_board_index_from_coords            0x0800526c   Section        0  chess_logic.o(i.get_board_index_from_coords)
    get_board_index_from_coords              0x0800526d   Thumb Code    72  chess_logic.o(i.get_board_index_from_coords)
    i.is_board_full                          0x080052b8   Section        0  chess_logic.o(i.is_board_full)
    i.is_winner                              0x080052d4   Section        0  chess_logic.o(i.is_winner)
    i.main                                   0x08005338   Section        0  main.o(i.main)
    i.minimax                                0x08005ba0   Section        0  chess_logic.o(i.minimax)
    minimax                                  0x08005ba1   Thumb Code   268  chess_logic.o(i.minimax)
    i.parse_line                             0x08005cb0   Section        0  k210_comm.o(i.parse_line)
    parse_line                               0x08005cb1   Thumb Code   216  k210_comm.o(i.parse_line)
    i.read_cols                              0x08005d9c   Section        0  keyboard.o(i.read_cols)
    read_cols                                0x08005d9d   Thumb Code    68  keyboard.o(i.read_cols)
    i.set_row                                0x08005de8   Section        0  keyboard.o(i.set_row)
    set_row                                  0x08005de9   Thumb Code    82  keyboard.o(i.set_row)
    i.uart_rx_idle_callback                  0x08005e40   Section        0  k210_comm.o(i.uart_rx_idle_callback)
    locale$$code                             0x08005e50   Section       44  lc_ctype_c.o(locale$$code)
    x$fpl$basic                              0x08005e7c   Section       24  basic.o(x$fpl$basic)
    $v0                                      0x08005e7c   Number         0  basic.o(x$fpl$basic)
    x$fpl$d2f                                0x08005e94   Section       98  d2f.o(x$fpl$d2f)
    $v0                                      0x08005e94   Number         0  d2f.o(x$fpl$d2f)
    x$fpl$dadd                               0x08005ef8   Section      336  daddsub_clz.o(x$fpl$dadd)
    $v0                                      0x08005ef8   Number         0  daddsub_clz.o(x$fpl$dadd)
    _dadd1                                   0x08005f09   Thumb Code     0  daddsub_clz.o(x$fpl$dadd)
    x$fpl$dnaninf                            0x08006048   Section      156  dnaninf.o(x$fpl$dnaninf)
    $v0                                      0x08006048   Number         0  dnaninf.o(x$fpl$dnaninf)
    x$fpl$dretinf                            0x080060e4   Section       12  dretinf.o(x$fpl$dretinf)
    $v0                                      0x080060e4   Number         0  dretinf.o(x$fpl$dretinf)
    x$fpl$dsub                               0x080060f0   Section      468  daddsub_clz.o(x$fpl$dsub)
    $v0                                      0x080060f0   Number         0  daddsub_clz.o(x$fpl$dsub)
    _dsub1                                   0x08006101   Thumb Code     0  daddsub_clz.o(x$fpl$dsub)
    x$fpl$f2d                                0x080062c4   Section       86  f2d.o(x$fpl$f2d)
    $v0                                      0x080062c4   Number         0  f2d.o(x$fpl$f2d)
    x$fpl$fnaninf                            0x0800631a   Section      140  fnaninf.o(x$fpl$fnaninf)
    $v0                                      0x0800631a   Number         0  fnaninf.o(x$fpl$fnaninf)
    x$fpl$fpinit                             0x080063a6   Section       10  fpinit.o(x$fpl$fpinit)
    $v0                                      0x080063a6   Number         0  fpinit.o(x$fpl$fpinit)
    x$fpl$fretinf                            0x080063b0   Section       10  fretinf.o(x$fpl$fretinf)
    $v0                                      0x080063b0   Number         0  fretinf.o(x$fpl$fretinf)
    .constdata                               0x080063ba   Section        8  stm32f4xx_hal_dma.o(.constdata)
    x$fpl$usenofp                            0x080063ba   Section        0  usenofp.o(x$fpl$usenofp)
    flagBitshiftOffset                       0x080063ba   Data           8  stm32f4xx_hal_dma.o(.constdata)
    .constdata                               0x080063c2   Section       24  system_stm32f4xx.o(.constdata)
    .constdata                               0x080063da   Section       16  keyboard.o(.constdata)
    key_map                                  0x080063da   Data          16  keyboard.o(.constdata)
    .constdata                               0x080063ec   Section      400  chess_logic.o(.constdata)
    position_coords                          0x080063ec   Data         152  chess_logic.o(.constdata)
    rail_coords                              0x08006484   Data         152  chess_logic.o(.constdata)
    .constdata                               0x0800657c   Section       32  rredf.o(.constdata)
    twooverpi                                0x0800657c   Data          32  rredf.o(.constdata)
    locale$$data                             0x080065bc   Section      272  lc_ctype_c.o(locale$$data)
    __lcctype_c_name                         0x080065c0   Data           2  lc_ctype_c.o(locale$$data)
    __lcctype_c_start                        0x080065c8   Data           0  lc_ctype_c.o(locale$$data)
    __lcctype_c_end                          0x080066cc   Data           0  lc_ctype_c.o(locale$$data)
    .data                                    0x20000000   Section       24  main.o(.data)
    g_mode                                   0x20000000   Data           1  main.o(.data)
    g_stage                                  0x20000001   Data           1  main.o(.data)
    g_step                                   0x20000002   Data           1  main.o(.data)
    ai_first_move                            0x20000003   Data           1  main.o(.data)
    g_aiSide                                 0x20000004   Data           1  main.o(.data)
    g_firstMoveIdx                           0x20000008   Data           4  main.o(.data)
    ai_piece_storage_idx                     0x20000010   Data           4  main.o(.data)
    ai_piece_storage_idx                     0x20000014   Data           4  main.o(.data)
    .data                                    0x20000018   Section        9  stm32f4xx_hal.o(.data)
    .data                                    0x20000024   Section        4  system_stm32f4xx.o(.data)
    .data                                    0x20000028   Section        2  homing.o(.data)
    homingInProgress                         0x20000028   Data           1  homing.o(.data)
    systemHomed                              0x20000029   Data           1  homing.o(.data)
    .data                                    0x2000002c   Section       24  motion_planner.o(.data)
    current_pos_x                            0x2000002c   Data           4  motion_planner.o(.data)
    current_pos_y                            0x20000030   Data           4  motion_planner.o(.data)
    current_pos_z                            0x20000034   Data           4  motion_planner.o(.data)
    target_pos_x                             0x20000038   Data           4  motion_planner.o(.data)
    target_pos_y                             0x2000003c   Data           4  motion_planner.o(.data)
    target_pos_z                             0x20000040   Data           4  motion_planner.o(.data)
    .data                                    0x20000044   Section       11  k210_comm.o(.data)
    k210_uart_handle                         0x20000044   Data           4  k210_comm.o(.data)
    last_dma_pos                             0x20000048   Data           2  k210_comm.o(.data)
    frame_ready                              0x2000004a   Data           1  k210_comm.o(.data)
    line_write_idx                           0x2000004b   Data           1  k210_comm.o(.data)
    line_read_idx                            0x2000004c   Data           1  k210_comm.o(.data)
    new_line_available                       0x2000004d   Data           1  k210_comm.o(.data)
    idx                                      0x2000004e   Data           1  k210_comm.o(.data)
    .bss                                     0x20000050   Section      940  main.o(.bss)
    g_boardLast                              0x20000050   Data           9  main.o(.bss)
    destinations                             0x200003dc   Data          16  main.o(.bss)
    destinations                             0x200003ec   Data          16  main.o(.bss)
    .bss                                     0x200003fc   Section       64  axis_control.o(.bss)
    .bss                                     0x2000043c   Section     1424  k210_comm.o(.bss)
    rx_dma_buf                               0x2000043c   Data         256  k210_comm.o(.bss)
    current_frame                            0x2000053c   Data          80  k210_comm.o(.bss)
    line_buffer                              0x2000058c   Data        1024  k210_comm.o(.bss)
    temp_line                                0x2000098c   Data          64  k210_comm.o(.bss)
    .bss                                     0x200009cc   Section      172  chess_logic.o(.bss)
    runtime_rail_coords                      0x200009e0   Data         152  chess_logic.o(.bss)
    .bss                                     0x20000a78   Section       96  libspace.o(.bss)
    HEAP                                     0x20000ad8   Section      512  startup_stm32f407xx.o(HEAP)
    Heap_Mem                                 0x20000ad8   Data         512  startup_stm32f407xx.o(HEAP)
    STACK                                    0x20000cd8   Section     1024  startup_stm32f407xx.o(STACK)
    Stack_Mem                                0x20000cd8   Data        1024  startup_stm32f407xx.o(STACK)
    __initial_sp                             0x200010d8   Data           0  startup_stm32f407xx.o(STACK)

    Global Symbols

    Symbol Name                              Value     Ov Type        Size  Object(Section)

    BuildAttributes$$THM_ISAv4$E$P$D$K$B$S$7EM$VFPi3$EXTD16$VFPS$VFMA$PE$A:L22UL41UL21$X:L11$S22US41US21$IEEE1$IW$USESV6$~STKCKD$USESV7$~SHL$OTIME$ROPI$IEEEX$EBA8$UX$STANDARDLIB$REQ8$PRES8$EABIv2 0x00000000   Number         0  anon$$obj.o ABSOLUTE
    __ARM_use_no_argv                        0x00000000   Number         0  main.o ABSOLUTE
    __ARM_exceptions_init                     - Undefined Weak Reference
    __alloca_initialize                       - Undefined Weak Reference
    __arm_preinit_                            - Undefined Weak Reference
    __cpp_initialize__aeabi_                  - Undefined Weak Reference
    __cxa_finalize                            - Undefined Weak Reference
    __sigvec_lookup                           - Undefined Weak Reference
    _atexit_init                              - Undefined Weak Reference
    _call_atexit_fns                          - Undefined Weak Reference
    _clock_init                               - Undefined Weak Reference
    _fp_trap_init                             - Undefined Weak Reference
    _fp_trap_shutdown                         - Undefined Weak Reference
    _get_lc_collate                           - Undefined Weak Reference
    _get_lc_monetary                          - Undefined Weak Reference
    _get_lc_numeric                           - Undefined Weak Reference
    _get_lc_time                              - Undefined Weak Reference
    _getenv_init                              - Undefined Weak Reference
    _handle_redirection                       - Undefined Weak Reference
    _init_alloc                               - Undefined Weak Reference
    _init_user_alloc                          - Undefined Weak Reference
    _initio                                   - Undefined Weak Reference
    _rand_init                                - Undefined Weak Reference
    _scanf_longlong                           - Undefined Weak Reference
    _scanf_mbtowc                             - Undefined Weak Reference
    _scanf_real                               - Undefined Weak Reference
    _scanf_wctomb                             - Undefined Weak Reference
    _scanf_wstring                            - Undefined Weak Reference
    _signal_finish                            - Undefined Weak Reference
    _signal_init                              - Undefined Weak Reference
    _terminate_alloc                          - Undefined Weak Reference
    _terminate_user_alloc                     - Undefined Weak Reference
    _terminateio                              - Undefined Weak Reference
    __Vectors_Size                           0x00000188   Number         0  startup_stm32f407xx.o ABSOLUTE
    __Vectors                                0x08000000   Data           4  startup_stm32f407xx.o(RESET)
    __Vectors_End                            0x08000188   Data           0  startup_stm32f407xx.o(RESET)
    __main                                   0x08000189   Thumb Code     8  __main.o(!!!main)
    __scatterload                            0x08000191   Thumb Code     0  __scatter.o(!!!scatter)
    __scatterload_rt2                        0x08000191   Thumb Code    44  __scatter.o(!!!scatter)
    __scatterload_rt2_thumb_only             0x08000191   Thumb Code     0  __scatter.o(!!!scatter)
    __scatterload_null                       0x0800019f   Thumb Code     0  __scatter.o(!!!scatter)
    __scatterload_copy                       0x080001c5   Thumb Code    26  __scatter_copy.o(!!handler_copy)
    __scatterload_zeroinit                   0x080001e1   Thumb Code    28  __scatter_zi.o(!!handler_zi)
    __rt_lib_init                            0x080001fd   Thumb Code     0  libinit.o(.ARM.Collect$$libinit$$00000000)
    __rt_lib_init_fp_1                       0x080001ff   Thumb Code     0  libinit2.o(.ARM.Collect$$libinit$$00000001)
    __rt_lib_init_heap_1                     0x08000203   Thumb Code     0  libinit2.o(.ARM.Collect$$libinit$$0000000A)
    __rt_lib_init_lc_common                  0x08000203   Thumb Code     0  libinit2.o(.ARM.Collect$$libinit$$0000000F)
    __rt_lib_init_preinit_1                  0x08000203   Thumb Code     0  libinit2.o(.ARM.Collect$$libinit$$00000004)
    __rt_lib_init_rand_1                     0x08000203   Thumb Code     0  libinit2.o(.ARM.Collect$$libinit$$0000000E)
    __rt_lib_init_user_alloc_1               0x08000203   Thumb Code     0  libinit2.o(.ARM.Collect$$libinit$$0000000C)
    __rt_lib_init_lc_collate_1               0x08000209   Thumb Code     0  libinit2.o(.ARM.Collect$$libinit$$00000011)
    __rt_lib_init_lc_ctype_2                 0x08000209   Thumb Code     0  libinit2.o(.ARM.Collect$$libinit$$00000012)
    __rt_lib_init_alloca_1                   0x08000215   Thumb Code     0  libinit2.o(.ARM.Collect$$libinit$$0000002E)
    __rt_lib_init_argv_1                     0x08000215   Thumb Code     0  libinit2.o(.ARM.Collect$$libinit$$0000002C)
    __rt_lib_init_atexit_1                   0x08000215   Thumb Code     0  libinit2.o(.ARM.Collect$$libinit$$0000001B)
    __rt_lib_init_clock_1                    0x08000215   Thumb Code     0  libinit2.o(.ARM.Collect$$libinit$$00000021)
    __rt_lib_init_cpp_1                      0x08000215   Thumb Code     0  libinit2.o(.ARM.Collect$$libinit$$00000032)
    __rt_lib_init_exceptions_1               0x08000215   Thumb Code     0  libinit2.o(.ARM.Collect$$libinit$$00000030)
    __rt_lib_init_fp_trap_1                  0x08000215   Thumb Code     0  libinit2.o(.ARM.Collect$$libinit$$0000001F)
    __rt_lib_init_getenv_1                   0x08000215   Thumb Code     0  libinit2.o(.ARM.Collect$$libinit$$00000023)
    __rt_lib_init_lc_ctype_1                 0x08000215   Thumb Code     0  libinit2.o(.ARM.Collect$$libinit$$00000013)
    __rt_lib_init_lc_monetary_1              0x08000215   Thumb Code     0  libinit2.o(.ARM.Collect$$libinit$$00000015)
    __rt_lib_init_lc_numeric_1               0x08000215   Thumb Code     0  libinit2.o(.ARM.Collect$$libinit$$00000017)
    __rt_lib_init_lc_time_1                  0x08000215   Thumb Code     0  libinit2.o(.ARM.Collect$$libinit$$00000019)
    __rt_lib_init_return                     0x08000215   Thumb Code     0  libinit2.o(.ARM.Collect$$libinit$$00000033)
    __rt_lib_init_signal_1                   0x08000215   Thumb Code     0  libinit2.o(.ARM.Collect$$libinit$$0000001D)
    __rt_lib_init_stdio_1                    0x08000215   Thumb Code     0  libinit2.o(.ARM.Collect$$libinit$$00000025)
    __rt_lib_shutdown                        0x08000217   Thumb Code     0  libshutdown.o(.ARM.Collect$$libshutdown$$00000000)
    __rt_lib_shutdown_cpp_1                  0x08000219   Thumb Code     0  libshutdown2.o(.ARM.Collect$$libshutdown$$00000002)
    __rt_lib_shutdown_fp_trap_1              0x08000219   Thumb Code     0  libshutdown2.o(.ARM.Collect$$libshutdown$$00000007)
    __rt_lib_shutdown_heap_1                 0x08000219   Thumb Code     0  libshutdown2.o(.ARM.Collect$$libshutdown$$0000000F)
    __rt_lib_shutdown_return                 0x08000219   Thumb Code     0  libshutdown2.o(.ARM.Collect$$libshutdown$$00000010)
    __rt_lib_shutdown_signal_1               0x08000219   Thumb Code     0  libshutdown2.o(.ARM.Collect$$libshutdown$$0000000A)
    __rt_lib_shutdown_stdio_1                0x08000219   Thumb Code     0  libshutdown2.o(.ARM.Collect$$libshutdown$$00000004)
    __rt_lib_shutdown_user_alloc_1           0x08000219   Thumb Code     0  libshutdown2.o(.ARM.Collect$$libshutdown$$0000000C)
    __rt_entry                               0x0800021b   Thumb Code     0  __rtentry.o(.ARM.Collect$$rtentry$$00000000)
    __rt_entry_presh_1                       0x0800021b   Thumb Code     0  __rtentry2.o(.ARM.Collect$$rtentry$$00000002)
    __rt_entry_sh                            0x0800021b   Thumb Code     0  __rtentry4.o(.ARM.Collect$$rtentry$$00000004)
    __rt_entry_li                            0x08000221   Thumb Code     0  __rtentry2.o(.ARM.Collect$$rtentry$$0000000A)
    __rt_entry_postsh_1                      0x08000221   Thumb Code     0  __rtentry2.o(.ARM.Collect$$rtentry$$00000009)
    __rt_entry_main                          0x08000225   Thumb Code     0  __rtentry2.o(.ARM.Collect$$rtentry$$0000000D)
    __rt_entry_postli_1                      0x08000225   Thumb Code     0  __rtentry2.o(.ARM.Collect$$rtentry$$0000000C)
    __rt_exit                                0x0800022d   Thumb Code     0  rtexit.o(.ARM.Collect$$rtexit$$00000000)
    __rt_exit_ls                             0x0800022f   Thumb Code     0  rtexit2.o(.ARM.Collect$$rtexit$$00000003)
    __rt_exit_prels_1                        0x0800022f   Thumb Code     0  rtexit2.o(.ARM.Collect$$rtexit$$00000002)
    __rt_exit_exit                           0x08000233   Thumb Code     0  rtexit2.o(.ARM.Collect$$rtexit$$00000004)
    Reset_Handler                            0x08000239   Thumb Code     8  startup_stm32f407xx.o(.text)
    ADC_IRQHandler                           0x08000253   Thumb Code     0  startup_stm32f407xx.o(.text)
    CAN1_RX0_IRQHandler                      0x08000253   Thumb Code     0  startup_stm32f407xx.o(.text)
    CAN1_RX1_IRQHandler                      0x08000253   Thumb Code     0  startup_stm32f407xx.o(.text)
    CAN1_SCE_IRQHandler                      0x08000253   Thumb Code     0  startup_stm32f407xx.o(.text)
    CAN1_TX_IRQHandler                       0x08000253   Thumb Code     0  startup_stm32f407xx.o(.text)
    CAN2_RX0_IRQHandler                      0x08000253   Thumb Code     0  startup_stm32f407xx.o(.text)
    CAN2_RX1_IRQHandler                      0x08000253   Thumb Code     0  startup_stm32f407xx.o(.text)
    CAN2_SCE_IRQHandler                      0x08000253   Thumb Code     0  startup_stm32f407xx.o(.text)
    CAN2_TX_IRQHandler                       0x08000253   Thumb Code     0  startup_stm32f407xx.o(.text)
    DCMI_IRQHandler                          0x08000253   Thumb Code     0  startup_stm32f407xx.o(.text)
    DMA1_Stream0_IRQHandler                  0x08000253   Thumb Code     0  startup_stm32f407xx.o(.text)
    DMA1_Stream2_IRQHandler                  0x08000253   Thumb Code     0  startup_stm32f407xx.o(.text)
    DMA1_Stream3_IRQHandler                  0x08000253   Thumb Code     0  startup_stm32f407xx.o(.text)
    DMA1_Stream4_IRQHandler                  0x08000253   Thumb Code     0  startup_stm32f407xx.o(.text)
    DMA1_Stream5_IRQHandler                  0x08000253   Thumb Code     0  startup_stm32f407xx.o(.text)
    DMA1_Stream6_IRQHandler                  0x08000253   Thumb Code     0  startup_stm32f407xx.o(.text)
    DMA1_Stream7_IRQHandler                  0x08000253   Thumb Code     0  startup_stm32f407xx.o(.text)
    DMA2_Stream0_IRQHandler                  0x08000253   Thumb Code     0  startup_stm32f407xx.o(.text)
    DMA2_Stream1_IRQHandler                  0x08000253   Thumb Code     0  startup_stm32f407xx.o(.text)
    DMA2_Stream2_IRQHandler                  0x08000253   Thumb Code     0  startup_stm32f407xx.o(.text)
    DMA2_Stream3_IRQHandler                  0x08000253   Thumb Code     0  startup_stm32f407xx.o(.text)
    DMA2_Stream4_IRQHandler                  0x08000253   Thumb Code     0  startup_stm32f407xx.o(.text)
    DMA2_Stream5_IRQHandler                  0x08000253   Thumb Code     0  startup_stm32f407xx.o(.text)
    DMA2_Stream6_IRQHandler                  0x08000253   Thumb Code     0  startup_stm32f407xx.o(.text)
    DMA2_Stream7_IRQHandler                  0x08000253   Thumb Code     0  startup_stm32f407xx.o(.text)
    ETH_IRQHandler                           0x08000253   Thumb Code     0  startup_stm32f407xx.o(.text)
    ETH_WKUP_IRQHandler                      0x08000253   Thumb Code     0  startup_stm32f407xx.o(.text)
    EXTI15_10_IRQHandler                     0x08000253   Thumb Code     0  startup_stm32f407xx.o(.text)
    EXTI3_IRQHandler                         0x08000253   Thumb Code     0  startup_stm32f407xx.o(.text)
    EXTI4_IRQHandler                         0x08000253   Thumb Code     0  startup_stm32f407xx.o(.text)
    EXTI9_5_IRQHandler                       0x08000253   Thumb Code     0  startup_stm32f407xx.o(.text)
    FLASH_IRQHandler                         0x08000253   Thumb Code     0  startup_stm32f407xx.o(.text)
    FMC_IRQHandler                           0x08000253   Thumb Code     0  startup_stm32f407xx.o(.text)
    FPU_IRQHandler                           0x08000253   Thumb Code     0  startup_stm32f407xx.o(.text)
    HASH_RNG_IRQHandler                      0x08000253   Thumb Code     0  startup_stm32f407xx.o(.text)
    I2C1_ER_IRQHandler                       0x08000253   Thumb Code     0  startup_stm32f407xx.o(.text)
    I2C1_EV_IRQHandler                       0x08000253   Thumb Code     0  startup_stm32f407xx.o(.text)
    I2C2_ER_IRQHandler                       0x08000253   Thumb Code     0  startup_stm32f407xx.o(.text)
    I2C2_EV_IRQHandler                       0x08000253   Thumb Code     0  startup_stm32f407xx.o(.text)
    I2C3_ER_IRQHandler                       0x08000253   Thumb Code     0  startup_stm32f407xx.o(.text)
    I2C3_EV_IRQHandler                       0x08000253   Thumb Code     0  startup_stm32f407xx.o(.text)
    OTG_FS_IRQHandler                        0x08000253   Thumb Code     0  startup_stm32f407xx.o(.text)
    OTG_FS_WKUP_IRQHandler                   0x08000253   Thumb Code     0  startup_stm32f407xx.o(.text)
    OTG_HS_EP1_IN_IRQHandler                 0x08000253   Thumb Code     0  startup_stm32f407xx.o(.text)
    OTG_HS_EP1_OUT_IRQHandler                0x08000253   Thumb Code     0  startup_stm32f407xx.o(.text)
    OTG_HS_IRQHandler                        0x08000253   Thumb Code     0  startup_stm32f407xx.o(.text)
    OTG_HS_WKUP_IRQHandler                   0x08000253   Thumb Code     0  startup_stm32f407xx.o(.text)
    PVD_IRQHandler                           0x08000253   Thumb Code     0  startup_stm32f407xx.o(.text)
    RCC_IRQHandler                           0x08000253   Thumb Code     0  startup_stm32f407xx.o(.text)
    RTC_Alarm_IRQHandler                     0x08000253   Thumb Code     0  startup_stm32f407xx.o(.text)
    RTC_WKUP_IRQHandler                      0x08000253   Thumb Code     0  startup_stm32f407xx.o(.text)
    SDIO_IRQHandler                          0x08000253   Thumb Code     0  startup_stm32f407xx.o(.text)
    SPI1_IRQHandler                          0x08000253   Thumb Code     0  startup_stm32f407xx.o(.text)
    SPI2_IRQHandler                          0x08000253   Thumb Code     0  startup_stm32f407xx.o(.text)
    SPI3_IRQHandler                          0x08000253   Thumb Code     0  startup_stm32f407xx.o(.text)
    TAMP_STAMP_IRQHandler                    0x08000253   Thumb Code     0  startup_stm32f407xx.o(.text)
    TIM1_BRK_TIM9_IRQHandler                 0x08000253   Thumb Code     0  startup_stm32f407xx.o(.text)
    TIM1_CC_IRQHandler                       0x08000253   Thumb Code     0  startup_stm32f407xx.o(.text)
    TIM1_TRG_COM_TIM11_IRQHandler            0x08000253   Thumb Code     0  startup_stm32f407xx.o(.text)
    TIM1_UP_TIM10_IRQHandler                 0x08000253   Thumb Code     0  startup_stm32f407xx.o(.text)
    TIM2_IRQHandler                          0x08000253   Thumb Code     0  startup_stm32f407xx.o(.text)
    TIM3_IRQHandler                          0x08000253   Thumb Code     0  startup_stm32f407xx.o(.text)
    TIM4_IRQHandler                          0x08000253   Thumb Code     0  startup_stm32f407xx.o(.text)
    TIM5_IRQHandler                          0x08000253   Thumb Code     0  startup_stm32f407xx.o(.text)
    TIM6_DAC_IRQHandler                      0x08000253   Thumb Code     0  startup_stm32f407xx.o(.text)
    TIM7_IRQHandler                          0x08000253   Thumb Code     0  startup_stm32f407xx.o(.text)
    TIM8_BRK_TIM12_IRQHandler                0x08000253   Thumb Code     0  startup_stm32f407xx.o(.text)
    TIM8_CC_IRQHandler                       0x08000253   Thumb Code     0  startup_stm32f407xx.o(.text)
    TIM8_TRG_COM_TIM14_IRQHandler            0x08000253   Thumb Code     0  startup_stm32f407xx.o(.text)
    TIM8_UP_TIM13_IRQHandler                 0x08000253   Thumb Code     0  startup_stm32f407xx.o(.text)
    UART4_IRQHandler                         0x08000253   Thumb Code     0  startup_stm32f407xx.o(.text)
    UART5_IRQHandler                         0x08000253   Thumb Code     0  startup_stm32f407xx.o(.text)
    USART1_IRQHandler                        0x08000253   Thumb Code     0  startup_stm32f407xx.o(.text)
    USART2_IRQHandler                        0x08000253   Thumb Code     0  startup_stm32f407xx.o(.text)
    USART6_IRQHandler                        0x08000253   Thumb Code     0  startup_stm32f407xx.o(.text)
    WWDG_IRQHandler                          0x08000253   Thumb Code     0  startup_stm32f407xx.o(.text)
    __user_initial_stackheap                 0x08000255   Thumb Code     0  startup_stm32f407xx.o(.text)
    __aeabi_uldivmod                         0x08000279   Thumb Code     0  lludivv7m.o(.text)
    _ll_udiv                                 0x08000279   Thumb Code   238  lludivv7m.o(.text)
    __0sscanf                                0x08000369   Thumb Code    52  __0sscanf.o(.text)
    _scanf_int                               0x080003a5   Thumb Code   332  _scanf_int.o(.text)
    _scanf_string                            0x080004f1   Thumb Code   224  _scanf_str.o(.text)
    __aeabi_memcpy                           0x080005d1   Thumb Code     0  rt_memcpy_v6.o(.text)
    __rt_memcpy                              0x080005d1   Thumb Code   138  rt_memcpy_v6.o(.text)
    _memcpy_lastbytes                        0x08000637   Thumb Code     0  rt_memcpy_v6.o(.text)
    __aeabi_memcpy4                          0x0800065b   Thumb Code     0  rt_memcpy_w.o(.text)
    __aeabi_memcpy8                          0x0800065b   Thumb Code     0  rt_memcpy_w.o(.text)
    __rt_memcpy_w                            0x0800065b   Thumb Code   100  rt_memcpy_w.o(.text)
    _memcpy_lastbytes_aligned                0x080006a3   Thumb Code     0  rt_memcpy_w.o(.text)
    __aeabi_memclr                           0x080006bf   Thumb Code     0  rt_memclr.o(.text)
    __rt_memclr                              0x080006bf   Thumb Code    68  rt_memclr.o(.text)
    _memset                                  0x080006c3   Thumb Code     0  rt_memclr.o(.text)
    __aeabi_memclr4                          0x08000703   Thumb Code     0  rt_memclr_w.o(.text)
    __aeabi_memclr8                          0x08000703   Thumb Code     0  rt_memclr_w.o(.text)
    __rt_memclr_w                            0x08000703   Thumb Code    78  rt_memclr_w.o(.text)
    _memset_w                                0x08000707   Thumb Code     0  rt_memclr_w.o(.text)
    strncpy                                  0x08000751   Thumb Code    86  strncpy.o(.text)
    __use_two_region_memory                  0x080007a7   Thumb Code     2  heapauxi.o(.text)
    __rt_heap_escrow$2region                 0x080007a9   Thumb Code     2  heapauxi.o(.text)
    __rt_heap_expand$2region                 0x080007ab   Thumb Code     2  heapauxi.o(.text)
    __read_errno                             0x080007ad   Thumb Code    10  _rserrno.o(.text)
    __set_errno                              0x080007b7   Thumb Code    12  _rserrno.o(.text)
    _chval                                   0x080007c3   Thumb Code    28  _chval.o(.text)
    __vfscanf_char                           0x080007ed   Thumb Code    24  scanf_char.o(.text)
    _sgetc                                   0x0800080d   Thumb Code    30  _sgetc.o(.text)
    _sbackspace                              0x0800082b   Thumb Code    34  _sgetc.o(.text)
    __aeabi_errno_addr                       0x0800084d   Thumb Code     8  rt_errno_addr_intlibspace.o(.text)
    __errno$intlibspace                      0x0800084d   Thumb Code     0  rt_errno_addr_intlibspace.o(.text)
    __rt_errno_addr$intlibspace              0x0800084d   Thumb Code     0  rt_errno_addr_intlibspace.o(.text)
    isspace                                  0x08000855   Thumb Code    18  isspace.o(.text)
    __vfscanf                                0x08000869   Thumb Code   878  _scanf.o(.text)
    __user_libspace                          0x08000bdd   Thumb Code     8  libspace.o(.text)
    __user_perproc_libspace                  0x08000bdd   Thumb Code     0  libspace.o(.text)
    __user_perthread_libspace                0x08000bdd   Thumb Code     0  libspace.o(.text)
    __user_setup_stackheap                   0x08000be5   Thumb Code    74  sys_stackheap_outer.o(.text)
    __rt_ctype_table                         0x08000c31   Thumb Code    16  rt_ctype_table.o(.text)
    exit                                     0x08000c41   Thumb Code    18  exit.o(.text)
    __rt_locale                              0x08000c55   Thumb Code     8  rt_locale_intlibspace.o(.text)
    _sys_exit                                0x08000c5d   Thumb Code     8  sys_exit.o(.text)
    strcmp                                   0x08000c69   Thumb Code   128  strcmpv7m.o(.text)
    __I$use$semihosting                      0x08000ce9   Thumb Code     0  use_no_semi.o(.text)
    __use_no_semihosting_swi                 0x08000ce9   Thumb Code     2  use_no_semi.o(.text)
    __semihosting_library_function           0x08000ceb   Thumb Code     0  indicate_semi.o(.text)
    AxisControl_Init                         0x08000ced   Thumb Code    46  axis_control.o(i.AxisControl_Init)
    Axis_IsAnyMoving                         0x08000d21   Thumb Code    36  axis_control.o(i.Axis_IsAnyMoving)
    Axis_LimitSwitchCallback                 0x08000d49   Thumb Code    82  axis_control.o(i.Axis_LimitSwitchCallback)
    Axis_PulseHandler                        0x08000da1   Thumb Code   150  axis_control.o(i.Axis_PulseHandler)
    Axis_ResetAllTimers                      0x08000e3d   Thumb Code    36  axis_control.o(i.Axis_ResetAllTimers)
    Axis_SetDirection                        0x08000e6d   Thumb Code   106  axis_control.o(i.Axis_SetDirection)
    Axis_StartPWM                            0x08000edd   Thumb Code   186  axis_control.o(i.Axis_StartPWM)
    Axis_Stop                                0x08000fa9   Thumb Code    98  axis_control.o(i.Axis_Stop)
    Axis_UpdateFrequency                     0x0800101d   Thumb Code    52  axis_control.o(i.Axis_UpdateFrequency)
    BusFault_Handler                         0x0800105d   Thumb Code     4  stm32f4xx_it.o(i.BusFault_Handler)
    ChessLogic_ApplyRotationFromCorners      0x08001061   Thumb Code   434  chess_logic.o(i.ChessLogic_ApplyRotationFromCorners)
    ChessLogic_FindDisplacedAIPiece          0x0800122d   Thumb Code    34  chess_logic.o(i.ChessLogic_FindDisplacedAIPiece)
    ChessLogic_GetAIPieceNewPosition         0x08001255   Thumb Code    32  chess_logic.o(i.ChessLogic_GetAIPieceNewPosition)
    ChessLogic_GetBestMove                   0x08001279   Thumb Code    70  chess_logic.o(i.ChessLogic_GetBestMove)
    ChessLogic_GetCoordinatesForMove         0x080012c5   Thumb Code    24  chess_logic.o(i.ChessLogic_GetCoordinatesForMove)
    ChessLogic_Init                          0x080012e1   Thumb Code    30  chess_logic.o(i.ChessLogic_Init)
    ChessLogic_IsPlayerMoveLegal             0x0800130d   Thumb Code    60  chess_logic.o(i.ChessLogic_IsPlayerMoveLegal)
    ChessLogic_UpdateBoardFromK210           0x0800134d   Thumb Code    88  chess_logic.o(i.ChessLogic_UpdateBoardFromK210)
    DMA1_Stream1_IRQHandler                  0x080013a9   Thumb Code    10  stm32f4xx_it.o(i.DMA1_Stream1_IRQHandler)
    DebugMon_Handler                         0x080014c3   Thumb Code     2  stm32f4xx_it.o(i.DebugMon_Handler)
    EXTI0_IRQHandler                         0x080014c5   Thumb Code    10  stm32f4xx_it.o(i.EXTI0_IRQHandler)
    EXTI1_IRQHandler                         0x080014cf   Thumb Code    10  stm32f4xx_it.o(i.EXTI1_IRQHandler)
    EXTI2_IRQHandler                         0x080014d9   Thumb Code    10  stm32f4xx_it.o(i.EXTI2_IRQHandler)
    Error_Handler                            0x080014e3   Thumb Code     6  main.o(i.Error_Handler)
    HAL_DMA_Abort                            0x080014e9   Thumb Code   172  stm32f4xx_hal_dma.o(i.HAL_DMA_Abort)
    HAL_DMA_Abort_IT                         0x08001595   Thumb Code    40  stm32f4xx_hal_dma.o(i.HAL_DMA_Abort_IT)
    HAL_DMA_IRQHandler                       0x080015bd   Thumb Code   570  stm32f4xx_hal_dma.o(i.HAL_DMA_IRQHandler)
    HAL_DMA_Init                             0x080017fd   Thumb Code   232  stm32f4xx_hal_dma.o(i.HAL_DMA_Init)
    HAL_DMA_Start_IT                         0x080018e9   Thumb Code   146  stm32f4xx_hal_dma.o(i.HAL_DMA_Start_IT)
    HAL_Delay                                0x0800197d   Thumb Code    36  stm32f4xx_hal.o(i.HAL_Delay)
    HAL_GPIO_EXTI_Callback                   0x080019a5   Thumb Code    12  main.o(i.HAL_GPIO_EXTI_Callback)
    HAL_GPIO_EXTI_IRQHandler                 0x080019b1   Thumb Code    24  stm32f4xx_hal_gpio.o(i.HAL_GPIO_EXTI_IRQHandler)
    HAL_GPIO_Init                            0x080019cd   Thumb Code   454  stm32f4xx_hal_gpio.o(i.HAL_GPIO_Init)
    HAL_GPIO_ReadPin                         0x08001bc1   Thumb Code    16  stm32f4xx_hal_gpio.o(i.HAL_GPIO_ReadPin)
    HAL_GPIO_WritePin                        0x08001bd1   Thumb Code    12  stm32f4xx_hal_gpio.o(i.HAL_GPIO_WritePin)
    HAL_GetTick                              0x08001bdd   Thumb Code     6  stm32f4xx_hal.o(i.HAL_GetTick)
    HAL_IncTick                              0x08001be9   Thumb Code    16  stm32f4xx_hal.o(i.HAL_IncTick)
    HAL_Init                                 0x08001c01   Thumb Code    54  stm32f4xx_hal.o(i.HAL_Init)
    HAL_InitTick                             0x08001c3d   Thumb Code    64  stm32f4xx_hal.o(i.HAL_InitTick)
    HAL_MspInit                              0x08001c89   Thumb Code    68  stm32f4xx_hal_msp.o(i.HAL_MspInit)
    HAL_NVIC_DisableIRQ                      0x08001cd1   Thumb Code    38  stm32f4xx_hal_cortex.o(i.HAL_NVIC_DisableIRQ)
    HAL_NVIC_EnableIRQ                       0x08001cfd   Thumb Code    40  stm32f4xx_hal_cortex.o(i.HAL_NVIC_EnableIRQ)
    HAL_NVIC_SetPriority                     0x08001d25   Thumb Code   124  stm32f4xx_hal_cortex.o(i.HAL_NVIC_SetPriority)
    HAL_NVIC_SetPriorityGrouping             0x08001da1   Thumb Code    32  stm32f4xx_hal_cortex.o(i.HAL_NVIC_SetPriorityGrouping)
    HAL_RCC_ClockConfig                      0x08001dc9   Thumb Code   368  stm32f4xx_hal_rcc.o(i.HAL_RCC_ClockConfig)
    HAL_RCC_GetHCLKFreq                      0x08001f4d   Thumb Code     6  stm32f4xx_hal_rcc.o(i.HAL_RCC_GetHCLKFreq)
    HAL_RCC_GetPCLK1Freq                     0x08001f59   Thumb Code    22  stm32f4xx_hal_rcc.o(i.HAL_RCC_GetPCLK1Freq)
    HAL_RCC_GetPCLK2Freq                     0x08001f79   Thumb Code    22  stm32f4xx_hal_rcc.o(i.HAL_RCC_GetPCLK2Freq)
    HAL_RCC_GetSysClockFreq                  0x08001f99   Thumb Code   162  stm32f4xx_hal_rcc.o(i.HAL_RCC_GetSysClockFreq)
    HAL_RCC_OscConfig                        0x08002049   Thumb Code  1172  stm32f4xx_hal_rcc.o(i.HAL_RCC_OscConfig)
    HAL_SYSTICK_Config                       0x080024e5   Thumb Code    52  stm32f4xx_hal_cortex.o(i.HAL_SYSTICK_Config)
    HAL_TIMEx_ConfigBreakDeadTime            0x08002519   Thumb Code   116  stm32f4xx_hal_tim_ex.o(i.HAL_TIMEx_ConfigBreakDeadTime)
    HAL_TIMEx_MasterConfigSynchronization    0x0800258d   Thumb Code   150  stm32f4xx_hal_tim_ex.o(i.HAL_TIMEx_MasterConfigSynchronization)
    HAL_TIM_Base_Init                        0x08002641   Thumb Code   102  stm32f4xx_hal_tim.o(i.HAL_TIM_Base_Init)
    HAL_TIM_Base_MspInit                     0x080026a9   Thumb Code   128  stm32f4xx_hal_msp.o(i.HAL_TIM_Base_MspInit)
    HAL_TIM_Base_Start                       0x08002735   Thumb Code   126  stm32f4xx_hal_tim.o(i.HAL_TIM_Base_Start)
    HAL_TIM_Base_Stop                        0x080027d1   Thumb Code    50  stm32f4xx_hal_tim.o(i.HAL_TIM_Base_Stop)
    HAL_TIM_ConfigClockSource                0x08002803   Thumb Code   268  stm32f4xx_hal_tim.o(i.HAL_TIM_ConfigClockSource)
    HAL_TIM_MspPostInit                      0x08002911   Thumb Code   220  stm32f4xx_hal_msp.o(i.HAL_TIM_MspPostInit)
    HAL_TIM_PWM_ConfigChannel                0x08002a01   Thumb Code   260  stm32f4xx_hal_tim.o(i.HAL_TIM_PWM_ConfigChannel)
    HAL_TIM_PWM_Init                         0x08002b05   Thumb Code   102  stm32f4xx_hal_tim.o(i.HAL_TIM_PWM_Init)
    HAL_TIM_PWM_MspInit                      0x08002b6b   Thumb Code     2  stm32f4xx_hal_tim.o(i.HAL_TIM_PWM_MspInit)
    HAL_TIM_PWM_Start                        0x08002b6d   Thumb Code   238  stm32f4xx_hal_tim.o(i.HAL_TIM_PWM_Start)
    HAL_TIM_PWM_Stop                         0x08002c79   Thumb Code   160  stm32f4xx_hal_tim.o(i.HAL_TIM_PWM_Stop)
    HAL_UARTEx_RxEventCallback               0x08002d21   Thumb Code     2  stm32f4xx_hal_uart.o(i.HAL_UARTEx_RxEventCallback)
    HAL_UART_ErrorCallback                   0x08002d23   Thumb Code     2  stm32f4xx_hal_uart.o(i.HAL_UART_ErrorCallback)
    HAL_UART_IRQHandler                      0x08002d25   Thumb Code   772  stm32f4xx_hal_uart.o(i.HAL_UART_IRQHandler)
    HAL_UART_Init                            0x0800302d   Thumb Code   118  stm32f4xx_hal_uart.o(i.HAL_UART_Init)
    HAL_UART_MspInit                         0x080030a5   Thumb Code   206  stm32f4xx_hal_msp.o(i.HAL_UART_MspInit)
    HAL_UART_Receive_DMA                     0x08003189   Thumb Code    44  stm32f4xx_hal_uart.o(i.HAL_UART_Receive_DMA)
    HAL_UART_RxCpltCallback                  0x080031b5   Thumb Code     2  stm32f4xx_hal_uart.o(i.HAL_UART_RxCpltCallback)
    HAL_UART_RxHalfCpltCallback              0x080031b7   Thumb Code     2  stm32f4xx_hal_uart.o(i.HAL_UART_RxHalfCpltCallback)
    HAL_UART_RxIdleCallback                  0x080031b9   Thumb Code   278  k210_comm.o(i.HAL_UART_RxIdleCallback)
    HAL_UART_Transmit                        0x080032f5   Thumb Code   190  stm32f4xx_hal_uart.o(i.HAL_UART_Transmit)
    HAL_UART_TxCpltCallback                  0x080033b3   Thumb Code     2  stm32f4xx_hal_uart.o(i.HAL_UART_TxCpltCallback)
    HardFault_Handler                        0x080033b5   Thumb Code     4  stm32f4xx_it.o(i.HardFault_Handler)
    Homing_IsInProgress                      0x080033b9   Thumb Code     6  homing.o(i.Homing_IsInProgress)
    Homing_LimitSwitchCallback               0x080033c5   Thumb Code    52  homing.o(i.Homing_LimitSwitchCallback)
    Homing_Run                               0x080033f9   Thumb Code   276  homing.o(i.Homing_Run)
    K210_CommInit                            0x08003525   Thumb Code    70  k210_comm.o(i.K210_CommInit)
    K210_FrameReady                          0x08003579   Thumb Code     6  k210_comm.o(i.K210_FrameReady)
    K210_GetFrame                            0x08003585   Thumb Code     4  k210_comm.o(i.K210_GetFrame)
    K210_ProcessReceivedData                 0x0800358d   Thumb Code    78  k210_comm.o(i.K210_ProcessReceivedData)
    K210_RequestCapture                      0x080035ed   Thumb Code    72  k210_comm.o(i.K210_RequestCapture)
    Key_Scan                                 0x08003655   Thumb Code   120  keyboard.o(i.Key_Scan)
    MemManage_Handler                        0x08003b99   Thumb Code     4  stm32f4xx_it.o(i.MemManage_Handler)
    Motion_GetPosition                       0x08003b9d   Thumb Code    26  motion_planner.o(i.Motion_GetPosition)
    Motion_LimitSwitchCallback               0x08003bc5   Thumb Code    64  motion_planner.o(i.Motion_LimitSwitchCallback)
    Motion_MoveTo                            0x08003c1d   Thumb Code   342  motion_planner.o(i.Motion_MoveTo)
    Motion_PickAndPlace                      0x08003d8d   Thumb Code   186  motion_planner.o(i.Motion_PickAndPlace)
    Motion_ResetPosition                     0x08003e4d   Thumb Code    28  motion_planner.o(i.Motion_ResetPosition)
    Motion_WaitAll                           0x08003e81   Thumb Code    48  motion_planner.o(i.Motion_WaitAll)
    NMI_Handler                              0x08003ec9   Thumb Code     4  stm32f4xx_it.o(i.NMI_Handler)
    PendSV_Handler                           0x08003ecd   Thumb Code     2  stm32f4xx_it.o(i.PendSV_Handler)
    SVC_Handler                              0x08003f11   Thumb Code     2  stm32f4xx_it.o(i.SVC_Handler)
    SysTick_Handler                          0x08003f13   Thumb Code     8  stm32f4xx_it.o(i.SysTick_Handler)
    SystemClock_Config                       0x08003f1d   Thumb Code   174  main.o(i.SystemClock_Config)
    SystemInit                               0x08003fd5   Thumb Code    14  system_stm32f4xx.o(i.SystemInit)
    TIM_Base_SetConfig                       0x08003fe9   Thumb Code   178  stm32f4xx_hal_tim.o(i.TIM_Base_SetConfig)
    TIM_CCxChannelCmd                        0x080040c9   Thumb Code    34  stm32f4xx_hal_tim.o(i.TIM_CCxChannelCmd)
    TIM_ETR_SetConfig                        0x080040eb   Thumb Code    22  stm32f4xx_hal_tim.o(i.TIM_ETR_SetConfig)
    TIM_OC2_SetConfig                        0x08004185   Thumb Code   114  stm32f4xx_hal_tim.o(i.TIM_OC2_SetConfig)
    UART_Start_Receive_DMA                   0x08004831   Thumb Code   202  stm32f4xx_hal_uart.o(i.UART_Start_Receive_DMA)
    USART3_IRQHandler                        0x080049f5   Thumb Code    54  stm32f4xx_it.o(i.USART3_IRQHandler)
    UsageFault_Handler                       0x08004b35   Thumb Code     4  stm32f4xx_it.o(i.UsageFault_Handler)
    __ARM_fpclassifyf                        0x08004b39   Thumb Code    38  fpclassifyf.o(i.__ARM_fpclassifyf)
    __hardfp_atan2f                          0x08004b99   Thumb Code   502  atan2f.o(i.__hardfp_atan2f)
    __hardfp_cosf                            0x08004de9   Thumb Code   280  cosf.o(i.__hardfp_cosf)
    __hardfp_sinf                            0x08004f39   Thumb Code   344  sinf.o(i.__hardfp_sinf)
    __mathlib_flt_infnan                     0x080050c9   Thumb Code     6  funder.o(i.__mathlib_flt_infnan)
    __mathlib_flt_infnan2                    0x080050cf   Thumb Code     6  funder.o(i.__mathlib_flt_infnan2)
    __mathlib_flt_invalid                    0x080050d5   Thumb Code    10  funder.o(i.__mathlib_flt_invalid)
    __mathlib_flt_underflow                  0x080050e5   Thumb Code    10  funder.o(i.__mathlib_flt_underflow)
    __mathlib_rredf2                         0x080050f5   Thumb Code   316  rredf.o(i.__mathlib_rredf2)
    is_board_full                            0x080052b9   Thumb Code    24  chess_logic.o(i.is_board_full)
    is_winner                                0x080052d5   Thumb Code    92  chess_logic.o(i.is_winner)
    main                                     0x08005339   Thumb Code  2152  main.o(i.main)
    uart_rx_idle_callback                    0x08005e41   Thumb Code    10  k210_comm.o(i.uart_rx_idle_callback)
    _get_lc_ctype                            0x08005e51   Thumb Code    44  lc_ctype_c.o(locale$$code)
    __aeabi_dneg                             0x08005e7d   Thumb Code     0  basic.o(x$fpl$basic)
    _dneg                                    0x08005e7d   Thumb Code     6  basic.o(x$fpl$basic)
    __aeabi_fneg                             0x08005e83   Thumb Code     0  basic.o(x$fpl$basic)
    _fneg                                    0x08005e83   Thumb Code     6  basic.o(x$fpl$basic)
    _dabs                                    0x08005e89   Thumb Code     6  basic.o(x$fpl$basic)
    _fabs                                    0x08005e8f   Thumb Code     6  basic.o(x$fpl$basic)
    __aeabi_d2f                              0x08005e95   Thumb Code     0  d2f.o(x$fpl$d2f)
    _d2f                                     0x08005e95   Thumb Code    98  d2f.o(x$fpl$d2f)
    __aeabi_dadd                             0x08005ef9   Thumb Code     0  daddsub_clz.o(x$fpl$dadd)
    _dadd                                    0x08005ef9   Thumb Code   332  daddsub_clz.o(x$fpl$dadd)
    __fpl_dnaninf                            0x08006049   Thumb Code   156  dnaninf.o(x$fpl$dnaninf)
    __fpl_dretinf                            0x080060e5   Thumb Code    12  dretinf.o(x$fpl$dretinf)
    __aeabi_dsub                             0x080060f1   Thumb Code     0  daddsub_clz.o(x$fpl$dsub)
    _dsub                                    0x080060f1   Thumb Code   464  daddsub_clz.o(x$fpl$dsub)
    __aeabi_f2d                              0x080062c5   Thumb Code     0  f2d.o(x$fpl$f2d)
    _f2d                                     0x080062c5   Thumb Code    86  f2d.o(x$fpl$f2d)
    __fpl_fnaninf                            0x0800631b   Thumb Code   140  fnaninf.o(x$fpl$fnaninf)
    _fp_init                                 0x080063a7   Thumb Code    10  fpinit.o(x$fpl$fpinit)
    __fplib_config_fpu_vfp                   0x080063af   Thumb Code     0  fpinit.o(x$fpl$fpinit)
    __fplib_config_pureend_doubles           0x080063af   Thumb Code     0  fpinit.o(x$fpl$fpinit)
    __fpl_fretinf                            0x080063b1   Thumb Code    10  fretinf.o(x$fpl$fretinf)
    __I$use$fp                               0x080063ba   Number         0  usenofp.o(x$fpl$usenofp)
    AHBPrescTable                            0x080063c2   Data          16  system_stm32f4xx.o(.constdata)
    APBPrescTable                            0x080063d2   Data           8  system_stm32f4xx.o(.constdata)
    Region$$Table$$Base                      0x0800659c   Number         0  anon$$obj.o(Region$$Table)
    Region$$Table$$Limit                     0x080065bc   Number         0  anon$$obj.o(Region$$Table)
    __ctype                                  0x080065c9   Data           0  lc_ctype_c.o(locale$$data)
    rxIndex                                  0x2000000c   Data           1  main.o(.data)
    rxChar                                   0x2000000d   Data           1  main.o(.data)
    uwTick                                   0x20000018   Data           4  stm32f4xx_hal.o(.data)
    uwTickPrio                               0x2000001c   Data           4  stm32f4xx_hal.o(.data)
    uwTickFreq                               0x20000020   Data           1  stm32f4xx_hal.o(.data)
    SystemCoreClock                          0x20000024   Data           4  system_stm32f4xx.o(.data)
    htim1                                    0x2000005c   Data          72  main.o(.bss)
    htim2                                    0x200000a4   Data          72  main.o(.bss)
    htim8                                    0x200000ec   Data          72  main.o(.bss)
    huart3                                   0x20000134   Data          72  main.o(.bss)
    hdma_usart3_rx                           0x2000017c   Data          96  main.o(.bss)
    rxBuffer                                 0x200001dc   Data         512  main.o(.bss)
    pwm_pulse_states                         0x200003fc   Data          64  axis_control.o(.bss)
    board                                    0x200009cc   Data          19  chess_logic.o(.bss)
    __libspace_start                         0x20000a78   Data          96  libspace.o(.bss)
    __temporary_stack_top$libspace           0x20000ad8   Data           0  libspace.o(.bss)



==============================================================================

Memory Map of the image

  Image Entry point : 0x08000189

  Load Region LR_IROM1 (Base: 0x08000000, Size: 0x0000671c, Max: 0x00100000, ABSOLUTE)

    Execution Region ER_IROM1 (Exec base: 0x08000000, Load base: 0x08000000, Size: 0x000066cc, Max: 0x00100000, ABSOLUTE)

    Exec Addr    Load Addr    Size         Type   Attr      Idx    E Section Name        Object

    0x08000000   0x08000000   0x00000188   Data   RO            3    RESET               startup_stm32f407xx.o
    0x08000188   0x08000188   0x00000008   Code   RO         3415  * !!!main             c_w.l(__main.o)
    0x08000190   0x08000190   0x00000034   Code   RO         3687    !!!scatter          c_w.l(__scatter.o)
    0x080001c4   0x080001c4   0x0000001a   Code   RO         3689    !!handler_copy      c_w.l(__scatter_copy.o)
    0x080001de   0x080001de   0x00000002   PAD
    0x080001e0   0x080001e0   0x0000001c   Code   RO         3691    !!handler_zi        c_w.l(__scatter_zi.o)
    0x080001fc   0x080001fc   0x00000002   Code   RO         3550    .ARM.Collect$$libinit$$00000000  c_w.l(libinit.o)
    0x080001fe   0x080001fe   0x00000004   Code   RO         3567    .ARM.Collect$$libinit$$00000001  c_w.l(libinit2.o)
    0x08000202   0x08000202   0x00000000   Code   RO         3570    .ARM.Collect$$libinit$$00000004  c_w.l(libinit2.o)
    0x08000202   0x08000202   0x00000000   Code   RO         3573    .ARM.Collect$$libinit$$0000000A  c_w.l(libinit2.o)
    0x08000202   0x08000202   0x00000000   Code   RO         3575    .ARM.Collect$$libinit$$0000000C  c_w.l(libinit2.o)
    0x08000202   0x08000202   0x00000000   Code   RO         3577    .ARM.Collect$$libinit$$0000000E  c_w.l(libinit2.o)
    0x08000202   0x08000202   0x00000006   Code   RO         3578    .ARM.Collect$$libinit$$0000000F  c_w.l(libinit2.o)
    0x08000208   0x08000208   0x00000000   Code   RO         3580    .ARM.Collect$$libinit$$00000011  c_w.l(libinit2.o)
    0x08000208   0x08000208   0x0000000c   Code   RO         3581    .ARM.Collect$$libinit$$00000012  c_w.l(libinit2.o)
    0x08000214   0x08000214   0x00000000   Code   RO         3582    .ARM.Collect$$libinit$$00000013  c_w.l(libinit2.o)
    0x08000214   0x08000214   0x00000000   Code   RO         3584    .ARM.Collect$$libinit$$00000015  c_w.l(libinit2.o)
    0x08000214   0x08000214   0x00000000   Code   RO         3586    .ARM.Collect$$libinit$$00000017  c_w.l(libinit2.o)
    0x08000214   0x08000214   0x00000000   Code   RO         3588    .ARM.Collect$$libinit$$00000019  c_w.l(libinit2.o)
    0x08000214   0x08000214   0x00000000   Code   RO         3590    .ARM.Collect$$libinit$$0000001B  c_w.l(libinit2.o)
    0x08000214   0x08000214   0x00000000   Code   RO         3592    .ARM.Collect$$libinit$$0000001D  c_w.l(libinit2.o)
    0x08000214   0x08000214   0x00000000   Code   RO         3594    .ARM.Collect$$libinit$$0000001F  c_w.l(libinit2.o)
    0x08000214   0x08000214   0x00000000   Code   RO         3596    .ARM.Collect$$libinit$$00000021  c_w.l(libinit2.o)
    0x08000214   0x08000214   0x00000000   Code   RO         3598    .ARM.Collect$$libinit$$00000023  c_w.l(libinit2.o)
    0x08000214   0x08000214   0x00000000   Code   RO         3600    .ARM.Collect$$libinit$$00000025  c_w.l(libinit2.o)
    0x08000214   0x08000214   0x00000000   Code   RO         3604    .ARM.Collect$$libinit$$0000002C  c_w.l(libinit2.o)
    0x08000214   0x08000214   0x00000000   Code   RO         3606    .ARM.Collect$$libinit$$0000002E  c_w.l(libinit2.o)
    0x08000214   0x08000214   0x00000000   Code   RO         3608    .ARM.Collect$$libinit$$00000030  c_w.l(libinit2.o)
    0x08000214   0x08000214   0x00000000   Code   RO         3610    .ARM.Collect$$libinit$$00000032  c_w.l(libinit2.o)
    0x08000214   0x08000214   0x00000002   Code   RO         3611    .ARM.Collect$$libinit$$00000033  c_w.l(libinit2.o)
    0x08000216   0x08000216   0x00000002   Code   RO         3644    .ARM.Collect$$libshutdown$$00000000  c_w.l(libshutdown.o)
    0x08000218   0x08000218   0x00000000   Code   RO         3670    .ARM.Collect$$libshutdown$$00000002  c_w.l(libshutdown2.o)
    0x08000218   0x08000218   0x00000000   Code   RO         3672    .ARM.Collect$$libshutdown$$00000004  c_w.l(libshutdown2.o)
    0x08000218   0x08000218   0x00000000   Code   RO         3675    .ARM.Collect$$libshutdown$$00000007  c_w.l(libshutdown2.o)
    0x08000218   0x08000218   0x00000000   Code   RO         3678    .ARM.Collect$$libshutdown$$0000000A  c_w.l(libshutdown2.o)
    0x08000218   0x08000218   0x00000000   Code   RO         3680    .ARM.Collect$$libshutdown$$0000000C  c_w.l(libshutdown2.o)
    0x08000218   0x08000218   0x00000000   Code   RO         3683    .ARM.Collect$$libshutdown$$0000000F  c_w.l(libshutdown2.o)
    0x08000218   0x08000218   0x00000002   Code   RO         3684    .ARM.Collect$$libshutdown$$00000010  c_w.l(libshutdown2.o)
    0x0800021a   0x0800021a   0x00000000   Code   RO         3465    .ARM.Collect$$rtentry$$00000000  c_w.l(__rtentry.o)
    0x0800021a   0x0800021a   0x00000000   Code   RO         3507    .ARM.Collect$$rtentry$$00000002  c_w.l(__rtentry2.o)
    0x0800021a   0x0800021a   0x00000006   Code   RO         3519    .ARM.Collect$$rtentry$$00000004  c_w.l(__rtentry4.o)
    0x08000220   0x08000220   0x00000000   Code   RO         3509    .ARM.Collect$$rtentry$$00000009  c_w.l(__rtentry2.o)
    0x08000220   0x08000220   0x00000004   Code   RO         3510    .ARM.Collect$$rtentry$$0000000A  c_w.l(__rtentry2.o)
    0x08000224   0x08000224   0x00000000   Code   RO         3512    .ARM.Collect$$rtentry$$0000000C  c_w.l(__rtentry2.o)
    0x08000224   0x08000224   0x00000008   Code   RO         3513    .ARM.Collect$$rtentry$$0000000D  c_w.l(__rtentry2.o)
    0x0800022c   0x0800022c   0x00000002   Code   RO         3551    .ARM.Collect$$rtexit$$00000000  c_w.l(rtexit.o)
    0x0800022e   0x0800022e   0x00000000   Code   RO         3615    .ARM.Collect$$rtexit$$00000002  c_w.l(rtexit2.o)
    0x0800022e   0x0800022e   0x00000004   Code   RO         3616    .ARM.Collect$$rtexit$$00000003  c_w.l(rtexit2.o)
    0x08000232   0x08000232   0x00000006   Code   RO         3617    .ARM.Collect$$rtexit$$00000004  c_w.l(rtexit2.o)
    0x08000238   0x08000238   0x00000040   Code   RO            4    .text               startup_stm32f407xx.o
    0x08000278   0x08000278   0x000000ee   Code   RO         3395    .text               c_w.l(lludivv7m.o)
    0x08000366   0x08000366   0x00000002   PAD
    0x08000368   0x08000368   0x0000003c   Code   RO         3397    .text               c_w.l(__0sscanf.o)
    0x080003a4   0x080003a4   0x0000014c   Code   RO         3399    .text               c_w.l(_scanf_int.o)
    0x080004f0   0x080004f0   0x000000e0   Code   RO         3401    .text               c_w.l(_scanf_str.o)
    0x080005d0   0x080005d0   0x0000008a   Code   RO         3403    .text               c_w.l(rt_memcpy_v6.o)
    0x0800065a   0x0800065a   0x00000064   Code   RO         3405    .text               c_w.l(rt_memcpy_w.o)
    0x080006be   0x080006be   0x00000044   Code   RO         3407    .text               c_w.l(rt_memclr.o)
    0x08000702   0x08000702   0x0000004e   Code   RO         3409    .text               c_w.l(rt_memclr_w.o)
    0x08000750   0x08000750   0x00000056   Code   RO         3411    .text               c_w.l(strncpy.o)
    0x080007a6   0x080007a6   0x00000006   Code   RO         3413    .text               c_w.l(heapauxi.o)
    0x080007ac   0x080007ac   0x00000016   Code   RO         3470    .text               c_w.l(_rserrno.o)
    0x080007c2   0x080007c2   0x0000001c   Code   RO         3472    .text               c_w.l(_chval.o)
    0x080007de   0x080007de   0x00000002   PAD
    0x080007e0   0x080007e0   0x0000002c   Code   RO         3474    .text               c_w.l(scanf_char.o)
    0x0800080c   0x0800080c   0x00000040   Code   RO         3476    .text               c_w.l(_sgetc.o)
    0x0800084c   0x0800084c   0x00000008   Code   RO         3526    .text               c_w.l(rt_errno_addr_intlibspace.o)
    0x08000854   0x08000854   0x00000012   Code   RO         3528    .text               c_w.l(isspace.o)
    0x08000866   0x08000866   0x00000002   PAD
    0x08000868   0x08000868   0x00000374   Code   RO         3530    .text               c_w.l(_scanf.o)
    0x08000bdc   0x08000bdc   0x00000008   Code   RO         3532    .text               c_w.l(libspace.o)
    0x08000be4   0x08000be4   0x0000004a   Code   RO         3535    .text               c_w.l(sys_stackheap_outer.o)
    0x08000c2e   0x08000c2e   0x00000002   PAD
    0x08000c30   0x08000c30   0x00000010   Code   RO         3537    .text               c_w.l(rt_ctype_table.o)
    0x08000c40   0x08000c40   0x00000012   Code   RO         3539    .text               c_w.l(exit.o)
    0x08000c52   0x08000c52   0x00000002   PAD
    0x08000c54   0x08000c54   0x00000008   Code   RO         3558    .text               c_w.l(rt_locale_intlibspace.o)
    0x08000c5c   0x08000c5c   0x0000000c   Code   RO         3612    .text               c_w.l(sys_exit.o)
    0x08000c68   0x08000c68   0x00000080   Code   RO         3625    .text               c_w.l(strcmpv7m.o)
    0x08000ce8   0x08000ce8   0x00000002   Code   RO         3633    .text               c_w.l(use_no_semi.o)
    0x08000cea   0x08000cea   0x00000000   Code   RO         3635    .text               c_w.l(indicate_semi.o)
    0x08000cea   0x08000cea   0x00000002   PAD
    0x08000cec   0x08000cec   0x00000034   Code   RO         2970    i.AxisControl_Init  axis_control.o
    0x08000d20   0x08000d20   0x00000028   Code   RO         2971    i.Axis_IsAnyMoving  axis_control.o
    0x08000d48   0x08000d48   0x00000058   Code   RO         2973    i.Axis_LimitSwitchCallback  axis_control.o
    0x08000da0   0x08000da0   0x0000009c   Code   RO         2974    i.Axis_PulseHandler  axis_control.o
    0x08000e3c   0x08000e3c   0x00000030   Code   RO         2975    i.Axis_ResetAllTimers  axis_control.o
    0x08000e6c   0x08000e6c   0x00000070   Code   RO         2976    i.Axis_SetDirection  axis_control.o
    0x08000edc   0x08000edc   0x000000cc   Code   RO         2977    i.Axis_StartPWM     axis_control.o
    0x08000fa8   0x08000fa8   0x00000074   Code   RO         2978    i.Axis_Stop         axis_control.o
    0x0800101c   0x0800101c   0x00000040   Code   RO         2979    i.Axis_UpdateFrequency  axis_control.o
    0x0800105c   0x0800105c   0x00000004   Code   RO          215    i.BusFault_Handler  stm32f4xx_it.o
    0x08001060   0x08001060   0x000001cc   Code   RO         3289    i.ChessLogic_ApplyRotationFromCorners  chess_logic.o
    0x0800122c   0x0800122c   0x00000028   Code   RO         3290    i.ChessLogic_FindDisplacedAIPiece  chess_logic.o
    0x08001254   0x08001254   0x00000024   Code   RO         3291    i.ChessLogic_GetAIPieceNewPosition  chess_logic.o
    0x08001278   0x08001278   0x0000004c   Code   RO         3292    i.ChessLogic_GetBestMove  chess_logic.o
    0x080012c4   0x080012c4   0x0000001c   Code   RO         3293    i.ChessLogic_GetCoordinatesForMove  chess_logic.o
    0x080012e0   0x080012e0   0x0000002c   Code   RO         3294    i.ChessLogic_Init   chess_logic.o
    0x0800130c   0x0800130c   0x00000040   Code   RO         3295    i.ChessLogic_IsPlayerMoveLegal  chess_logic.o
    0x0800134c   0x0800134c   0x0000005c   Code   RO         3296    i.ChessLogic_UpdateBoardFromK210  chess_logic.o
    0x080013a8   0x080013a8   0x00000010   Code   RO          216    i.DMA1_Stream1_IRQHandler  stm32f4xx_it.o
    0x080013b8   0x080013b8   0x00000034   Code   RO         1864    i.DMA_CalcBaseAndBitshift  stm32f4xx_hal_dma.o
    0x080013ec   0x080013ec   0x000000aa   Code   RO         1865    i.DMA_CheckFifoParam  stm32f4xx_hal_dma.o
    0x08001496   0x08001496   0x0000002c   Code   RO         1866    i.DMA_SetConfig     stm32f4xx_hal_dma.o
    0x080014c2   0x080014c2   0x00000002   Code   RO          217    i.DebugMon_Handler  stm32f4xx_it.o
    0x080014c4   0x080014c4   0x0000000a   Code   RO          218    i.EXTI0_IRQHandler  stm32f4xx_it.o
    0x080014ce   0x080014ce   0x0000000a   Code   RO          219    i.EXTI1_IRQHandler  stm32f4xx_it.o
    0x080014d8   0x080014d8   0x0000000a   Code   RO          220    i.EXTI2_IRQHandler  stm32f4xx_it.o
    0x080014e2   0x080014e2   0x00000006   Code   RO           13    i.Error_Handler     main.o
    0x080014e8   0x080014e8   0x000000ac   Code   RO         1867    i.HAL_DMA_Abort     stm32f4xx_hal_dma.o
    0x08001594   0x08001594   0x00000028   Code   RO         1868    i.HAL_DMA_Abort_IT  stm32f4xx_hal_dma.o
    0x080015bc   0x080015bc   0x00000240   Code   RO         1872    i.HAL_DMA_IRQHandler  stm32f4xx_hal_dma.o
    0x080017fc   0x080017fc   0x000000ec   Code   RO         1873    i.HAL_DMA_Init      stm32f4xx_hal_dma.o
    0x080018e8   0x080018e8   0x00000092   Code   RO         1877    i.HAL_DMA_Start_IT  stm32f4xx_hal_dma.o
    0x0800197a   0x0800197a   0x00000002   PAD
    0x0800197c   0x0800197c   0x00000028   Code   RO         2309    i.HAL_Delay         stm32f4xx_hal.o
    0x080019a4   0x080019a4   0x0000000c   Code   RO           14    i.HAL_GPIO_EXTI_Callback  main.o
    0x080019b0   0x080019b0   0x0000001c   Code   RO         1759    i.HAL_GPIO_EXTI_IRQHandler  stm32f4xx_hal_gpio.o
    0x080019cc   0x080019cc   0x000001f4   Code   RO         1760    i.HAL_GPIO_Init     stm32f4xx_hal_gpio.o
    0x08001bc0   0x08001bc0   0x00000010   Code   RO         1762    i.HAL_GPIO_ReadPin  stm32f4xx_hal_gpio.o
    0x08001bd0   0x08001bd0   0x0000000c   Code   RO         1764    i.HAL_GPIO_WritePin  stm32f4xx_hal_gpio.o
    0x08001bdc   0x08001bdc   0x0000000c   Code   RO         2315    i.HAL_GetTick       stm32f4xx_hal.o
    0x08001be8   0x08001be8   0x00000018   Code   RO         2321    i.HAL_IncTick       stm32f4xx_hal.o
    0x08001c00   0x08001c00   0x0000003c   Code   RO         2322    i.HAL_Init          stm32f4xx_hal.o
    0x08001c3c   0x08001c3c   0x0000004c   Code   RO         2323    i.HAL_InitTick      stm32f4xx_hal.o
    0x08001c88   0x08001c88   0x00000048   Code   RO          321    i.HAL_MspInit       stm32f4xx_hal_msp.o
    0x08001cd0   0x08001cd0   0x0000002c   Code   RO         2151    i.HAL_NVIC_DisableIRQ  stm32f4xx_hal_cortex.o
    0x08001cfc   0x08001cfc   0x00000028   Code   RO         2152    i.HAL_NVIC_EnableIRQ  stm32f4xx_hal_cortex.o
    0x08001d24   0x08001d24   0x0000007c   Code   RO         2158    i.HAL_NVIC_SetPriority  stm32f4xx_hal_cortex.o
    0x08001da0   0x08001da0   0x00000028   Code   RO         2159    i.HAL_NVIC_SetPriorityGrouping  stm32f4xx_hal_cortex.o
    0x08001dc8   0x08001dc8   0x00000184   Code   RO         1361    i.HAL_RCC_ClockConfig  stm32f4xx_hal_rcc.o
    0x08001f4c   0x08001f4c   0x0000000c   Code   RO         1366    i.HAL_RCC_GetHCLKFreq  stm32f4xx_hal_rcc.o
    0x08001f58   0x08001f58   0x00000020   Code   RO         1368    i.HAL_RCC_GetPCLK1Freq  stm32f4xx_hal_rcc.o
    0x08001f78   0x08001f78   0x00000020   Code   RO         1369    i.HAL_RCC_GetPCLK2Freq  stm32f4xx_hal_rcc.o
    0x08001f98   0x08001f98   0x000000b0   Code   RO         1370    i.HAL_RCC_GetSysClockFreq  stm32f4xx_hal_rcc.o
    0x08002048   0x08002048   0x0000049c   Code   RO         1373    i.HAL_RCC_OscConfig  stm32f4xx_hal_rcc.o
    0x080024e4   0x080024e4   0x00000034   Code   RO         2163    i.HAL_SYSTICK_Config  stm32f4xx_hal_cortex.o
    0x08002518   0x08002518   0x00000074   Code   RO         1096    i.HAL_TIMEx_ConfigBreakDeadTime  stm32f4xx_hal_tim_ex.o
    0x0800258c   0x0800258c   0x000000b4   Code   RO         1112    i.HAL_TIMEx_MasterConfigSynchronization  stm32f4xx_hal_tim_ex.o
    0x08002640   0x08002640   0x00000066   Code   RO          378    i.HAL_TIM_Base_Init  stm32f4xx_hal_tim.o
    0x080026a6   0x080026a6   0x00000002   PAD
    0x080026a8   0x080026a8   0x0000008c   Code   RO          323    i.HAL_TIM_Base_MspInit  stm32f4xx_hal_msp.o
    0x08002734   0x08002734   0x0000009c   Code   RO          381    i.HAL_TIM_Base_Start  stm32f4xx_hal_tim.o
    0x080027d0   0x080027d0   0x00000032   Code   RO          384    i.HAL_TIM_Base_Stop  stm32f4xx_hal_tim.o
    0x08002802   0x08002802   0x0000010c   Code   RO          387    i.HAL_TIM_ConfigClockSource  stm32f4xx_hal_tim.o
    0x0800290e   0x0800290e   0x00000002   PAD
    0x08002910   0x08002910   0x000000f0   Code   RO          324    i.HAL_TIM_MspPostInit  stm32f4xx_hal_msp.o
    0x08002a00   0x08002a00   0x00000104   Code   RO          450    i.HAL_TIM_PWM_ConfigChannel  stm32f4xx_hal_tim.o
    0x08002b04   0x08002b04   0x00000066   Code   RO          453    i.HAL_TIM_PWM_Init  stm32f4xx_hal_tim.o
    0x08002b6a   0x08002b6a   0x00000002   Code   RO          455    i.HAL_TIM_PWM_MspInit  stm32f4xx_hal_tim.o
    0x08002b6c   0x08002b6c   0x0000010c   Code   RO          458    i.HAL_TIM_PWM_Start  stm32f4xx_hal_tim.o
    0x08002c78   0x08002c78   0x000000a8   Code   RO          461    i.HAL_TIM_PWM_Stop  stm32f4xx_hal_tim.o
    0x08002d20   0x08002d20   0x00000002   Code   RO         2572    i.HAL_UARTEx_RxEventCallback  stm32f4xx_hal_uart.o
    0x08002d22   0x08002d22   0x00000002   Code   RO         2586    i.HAL_UART_ErrorCallback  stm32f4xx_hal_uart.o
    0x08002d24   0x08002d24   0x00000308   Code   RO         2589    i.HAL_UART_IRQHandler  stm32f4xx_hal_uart.o
    0x0800302c   0x0800302c   0x00000076   Code   RO         2590    i.HAL_UART_Init     stm32f4xx_hal_uart.o
    0x080030a2   0x080030a2   0x00000002   PAD
    0x080030a4   0x080030a4   0x000000e4   Code   RO          326    i.HAL_UART_MspInit  stm32f4xx_hal_msp.o
    0x08003188   0x08003188   0x0000002c   Code   RO         2594    i.HAL_UART_Receive_DMA  stm32f4xx_hal_uart.o
    0x080031b4   0x080031b4   0x00000002   Code   RO         2596    i.HAL_UART_RxCpltCallback  stm32f4xx_hal_uart.o
    0x080031b6   0x080031b6   0x00000002   Code   RO         2597    i.HAL_UART_RxHalfCpltCallback  stm32f4xx_hal_uart.o
    0x080031b8   0x080031b8   0x0000013c   Code   RO         3214    i.HAL_UART_RxIdleCallback  k210_comm.o
    0x080032f4   0x080032f4   0x000000be   Code   RO         2598    i.HAL_UART_Transmit  stm32f4xx_hal_uart.o
    0x080033b2   0x080033b2   0x00000002   Code   RO         2601    i.HAL_UART_TxCpltCallback  stm32f4xx_hal_uart.o
    0x080033b4   0x080033b4   0x00000004   Code   RO          221    i.HardFault_Handler  stm32f4xx_it.o
    0x080033b8   0x080033b8   0x0000000c   Code   RO         3084    i.Homing_IsInProgress  homing.o
    0x080033c4   0x080033c4   0x00000034   Code   RO         3085    i.Homing_LimitSwitchCallback  homing.o
    0x080033f8   0x080033f8   0x0000012c   Code   RO         3086    i.Homing_Run        homing.o
    0x08003524   0x08003524   0x00000054   Code   RO         3216    i.K210_CommInit     k210_comm.o
    0x08003578   0x08003578   0x0000000c   Code   RO         3217    i.K210_FrameReady   k210_comm.o
    0x08003584   0x08003584   0x00000008   Code   RO         3218    i.K210_GetFrame     k210_comm.o
    0x0800358c   0x0800358c   0x00000060   Code   RO         3219    i.K210_ProcessReceivedData  k210_comm.o
    0x080035ec   0x080035ec   0x00000068   Code   RO         3220    i.K210_RequestCapture  k210_comm.o
    0x08003654   0x08003654   0x0000007c   Code   RO         3178    i.Key_Scan          keyboard.o
    0x080036d0   0x080036d0   0x00000038   Code   RO           15    i.MX_DMA_Init       main.o
    0x08003708   0x08003708   0x000001f4   Code   RO           16    i.MX_GPIO_Init      main.o
    0x080038fc   0x080038fc   0x000000d8   Code   RO           17    i.MX_TIM1_Init      main.o
    0x080039d4   0x080039d4   0x000000a4   Code   RO           18    i.MX_TIM2_Init      main.o
    0x08003a78   0x08003a78   0x000000e8   Code   RO           19    i.MX_TIM8_Init      main.o
    0x08003b60   0x08003b60   0x00000038   Code   RO           20    i.MX_USART3_UART_Init  main.o
    0x08003b98   0x08003b98   0x00000004   Code   RO          222    i.MemManage_Handler  stm32f4xx_it.o
    0x08003b9c   0x08003b9c   0x00000028   Code   RO         3122    i.Motion_GetPosition  motion_planner.o
    0x08003bc4   0x08003bc4   0x00000058   Code   RO         3123    i.Motion_LimitSwitchCallback  motion_planner.o
    0x08003c1c   0x08003c1c   0x00000170   Code   RO         3124    i.Motion_MoveTo     motion_planner.o
    0x08003d8c   0x08003d8c   0x000000c0   Code   RO         3125    i.Motion_PickAndPlace  motion_planner.o
    0x08003e4c   0x08003e4c   0x00000034   Code   RO         3126    i.Motion_ResetPosition  motion_planner.o
    0x08003e80   0x08003e80   0x00000048   Code   RO         3127    i.Motion_WaitAll    motion_planner.o
    0x08003ec8   0x08003ec8   0x00000004   Code   RO          223    i.NMI_Handler       stm32f4xx_it.o
    0x08003ecc   0x08003ecc   0x00000002   Code   RO          224    i.PendSV_Handler    stm32f4xx_it.o
    0x08003ece   0x08003ece   0x00000002   PAD
    0x08003ed0   0x08003ed0   0x00000040   Code   RO         2983    i.ResetAxisTimer    axis_control.o
    0x08003f10   0x08003f10   0x00000002   Code   RO          225    i.SVC_Handler       stm32f4xx_it.o
    0x08003f12   0x08003f12   0x00000008   Code   RO          226    i.SysTick_Handler   stm32f4xx_it.o
    0x08003f1a   0x08003f1a   0x00000002   PAD
    0x08003f1c   0x08003f1c   0x000000b8   Code   RO           21    i.SystemClock_Config  main.o
    0x08003fd4   0x08003fd4   0x00000014   Code   RO         2934    i.SystemInit        system_stm32f4xx.o
    0x08003fe8   0x08003fe8   0x000000e0   Code   RO          471    i.TIM_Base_SetConfig  stm32f4xx_hal_tim.o
    0x080040c8   0x080040c8   0x00000022   Code   RO          472    i.TIM_CCxChannelCmd  stm32f4xx_hal_tim.o
    0x080040ea   0x080040ea   0x00000016   Code   RO          482    i.TIM_ETR_SetConfig  stm32f4xx_hal_tim.o
    0x08004100   0x08004100   0x00000012   Code   RO          483    i.TIM_ITRx_SetConfig  stm32f4xx_hal_tim.o
    0x08004112   0x08004112   0x00000002   PAD
    0x08004114   0x08004114   0x00000070   Code   RO          484    i.TIM_OC1_SetConfig  stm32f4xx_hal_tim.o
    0x08004184   0x08004184   0x0000007c   Code   RO          485    i.TIM_OC2_SetConfig  stm32f4xx_hal_tim.o
    0x08004200   0x08004200   0x00000078   Code   RO          486    i.TIM_OC3_SetConfig  stm32f4xx_hal_tim.o
    0x08004278   0x08004278   0x00000054   Code   RO          487    i.TIM_OC4_SetConfig  stm32f4xx_hal_tim.o
    0x080042cc   0x080042cc   0x00000026   Code   RO          489    i.TIM_TI1_ConfigInputStage  stm32f4xx_hal_tim.o
    0x080042f2   0x080042f2   0x00000028   Code   RO          491    i.TIM_TI2_ConfigInputStage  stm32f4xx_hal_tim.o
    0x0800431a   0x0800431a   0x00000012   Code   RO         2603    i.UART_DMAAbortOnError  stm32f4xx_hal_uart.o
    0x0800432c   0x0800432c   0x00000050   Code   RO         2604    i.UART_DMAError     stm32f4xx_hal_uart.o
    0x0800437c   0x0800437c   0x000000b4   Code   RO         2605    i.UART_DMAReceiveCplt  stm32f4xx_hal_uart.o
    0x08004430   0x08004430   0x00000024   Code   RO         2607    i.UART_DMARxHalfCplt  stm32f4xx_hal_uart.o
    0x08004454   0x08004454   0x0000006c   Code   RO         2613    i.UART_EndRxTransfer  stm32f4xx_hal_uart.o
    0x080044c0   0x080044c0   0x00000020   Code   RO         2614    i.UART_EndTransmit_IT  stm32f4xx_hal_uart.o
    0x080044e0   0x080044e0   0x00000026   Code   RO         2615    i.UART_EndTxTransfer  stm32f4xx_hal_uart.o
    0x08004506   0x08004506   0x000000fc   Code   RO         2616    i.UART_Receive_IT   stm32f4xx_hal_uart.o
    0x08004602   0x08004602   0x00000002   PAD
    0x08004604   0x08004604   0x0000022c   Code   RO         2617    i.UART_SetConfig    stm32f4xx_hal_uart.o
    0x08004830   0x08004830   0x000000d8   Code   RO         2618    i.UART_Start_Receive_DMA  stm32f4xx_hal_uart.o
    0x08004908   0x08004908   0x00000060   Code   RO         2620    i.UART_Transmit_IT  stm32f4xx_hal_uart.o
    0x08004968   0x08004968   0x0000008c   Code   RO         2621    i.UART_WaitOnFlagUntilTimeout  stm32f4xx_hal_uart.o
    0x080049f4   0x080049f4   0x0000003c   Code   RO          227    i.USART3_IRQHandler  stm32f4xx_it.o
    0x08004a30   0x08004a30   0x00000104   Code   RO         2984    i.UpdateAxisFrequency  axis_control.o
    0x08004b34   0x08004b34   0x00000004   Code   RO          228    i.UsageFault_Handler  stm32f4xx_it.o
    0x08004b38   0x08004b38   0x00000026   Code   RO         3487    i.__ARM_fpclassifyf  m_wm.l(fpclassifyf.o)
    0x08004b5e   0x08004b5e   0x00000002   PAD
    0x08004b60   0x08004b60   0x00000010   Code   RO         2165    i.__NVIC_GetPriorityGrouping  stm32f4xx_hal_cortex.o
    0x08004b70   0x08004b70   0x00000028   Code   RO         2166    i.__NVIC_SetPriority  stm32f4xx_hal_cortex.o
    0x08004b98   0x08004b98   0x00000250   Code   RO         3429    i.__hardfp_atan2f   m_wm.l(atan2f.o)
    0x08004de8   0x08004de8   0x00000150   Code   RO         3441    i.__hardfp_cosf     m_wm.l(cosf.o)
    0x08004f38   0x08004f38   0x00000190   Code   RO         3453    i.__hardfp_sinf     m_wm.l(sinf.o)
    0x080050c8   0x080050c8   0x00000006   Code   RO         3490    i.__mathlib_flt_infnan  m_wm.l(funder.o)
    0x080050ce   0x080050ce   0x00000006   Code   RO         3491    i.__mathlib_flt_infnan2  m_wm.l(funder.o)
    0x080050d4   0x080050d4   0x00000010   Code   RO         3492    i.__mathlib_flt_invalid  m_wm.l(funder.o)
    0x080050e4   0x080050e4   0x00000010   Code   RO         3495    i.__mathlib_flt_underflow  m_wm.l(funder.o)
    0x080050f4   0x080050f4   0x00000154   Code   RO         3503    i.__mathlib_rredf2  m_wm.l(rredf.o)
    0x08005248   0x08005248   0x00000022   Code   RO         3297    i.evaluate          chess_logic.o
    0x0800526a   0x0800526a   0x00000002   PAD
    0x0800526c   0x0800526c   0x0000004c   Code   RO         3298    i.get_board_index_from_coords  chess_logic.o
    0x080052b8   0x080052b8   0x0000001c   Code   RO         3299    i.is_board_full     chess_logic.o
    0x080052d4   0x080052d4   0x00000064   Code   RO         3300    i.is_winner         chess_logic.o
    0x08005338   0x08005338   0x00000868   Code   RO           22    i.main              main.o
    0x08005ba0   0x08005ba0   0x00000110   Code   RO         3301    i.minimax           chess_logic.o
    0x08005cb0   0x08005cb0   0x000000ec   Code   RO         3221    i.parse_line        k210_comm.o
    0x08005d9c   0x08005d9c   0x0000004c   Code   RO         3179    i.read_cols         keyboard.o
    0x08005de8   0x08005de8   0x00000058   Code   RO         3180    i.set_row           keyboard.o
    0x08005e40   0x08005e40   0x00000010   Code   RO         3222    i.uart_rx_idle_callback  k210_comm.o
    0x08005e50   0x08005e50   0x0000002c   Code   RO         3561    locale$$code        c_w.l(lc_ctype_c.o)
    0x08005e7c   0x08005e7c   0x00000018   Code   RO         3417    x$fpl$basic         fz_wm.l(basic.o)
    0x08005e94   0x08005e94   0x00000062   Code   RO         3419    x$fpl$d2f           fz_wm.l(d2f.o)
    0x08005ef6   0x08005ef6   0x00000002   PAD
    0x08005ef8   0x08005ef8   0x00000150   Code   RO         3421    x$fpl$dadd          fz_wm.l(daddsub_clz.o)
    0x08006048   0x08006048   0x0000009c   Code   RO         3478    x$fpl$dnaninf       fz_wm.l(dnaninf.o)
    0x080060e4   0x080060e4   0x0000000c   Code   RO         3480    x$fpl$dretinf       fz_wm.l(dretinf.o)
    0x080060f0   0x080060f0   0x000001d4   Code   RO         3423    x$fpl$dsub          fz_wm.l(daddsub_clz.o)
    0x080062c4   0x080062c4   0x00000056   Code   RO         3427    x$fpl$f2d           fz_wm.l(f2d.o)
    0x0800631a   0x0800631a   0x0000008c   Code   RO         3482    x$fpl$fnaninf       fz_wm.l(fnaninf.o)
    0x080063a6   0x080063a6   0x0000000a   Code   RO         3629    x$fpl$fpinit        fz_wm.l(fpinit.o)
    0x080063b0   0x080063b0   0x0000000a   Code   RO         3484    x$fpl$fretinf       fz_wm.l(fretinf.o)
    0x080063ba   0x080063ba   0x00000000   Code   RO         3486    x$fpl$usenofp       fz_wm.l(usenofp.o)
    0x080063ba   0x080063ba   0x00000008   Data   RO         1879    .constdata          stm32f4xx_hal_dma.o
    0x080063c2   0x080063c2   0x00000018   Data   RO         2935    .constdata          system_stm32f4xx.o
    0x080063da   0x080063da   0x00000010   Data   RO         3181    .constdata          keyboard.o
    0x080063ea   0x080063ea   0x00000002   PAD
    0x080063ec   0x080063ec   0x00000190   Data   RO         3303    .constdata          chess_logic.o
    0x0800657c   0x0800657c   0x00000020   Data   RO         3504    .constdata          m_wm.l(rredf.o)
    0x0800659c   0x0800659c   0x00000020   Data   RO         3685    Region$$Table       anon$$obj.o
    0x080065bc   0x080065bc   0x00000110   Data   RO         3560    locale$$data        c_w.l(lc_ctype_c.o)


    Execution Region RW_IRAM2 (Exec base: 0x10000000, Load base: 0x0800671c, Size: 0x00000000, Max: 0x00010000, ABSOLUTE)

    **** No section assigned to this execution region ****


    Execution Region RW_IRAM1 (Exec base: 0x20000000, Load base: 0x080066cc, Size: 0x000010d8, Max: 0x00020000, ABSOLUTE)

    Exec Addr    Load Addr    Size         Type   Attr      Idx    E Section Name        Object

    0x20000000   0x080066cc   0x00000018   Data   RW           24    .data               main.o
    0x20000018   0x080066e4   0x00000009   Data   RW         2329    .data               stm32f4xx_hal.o
    0x20000021   0x080066ed   0x00000003   PAD
    0x20000024   0x080066f0   0x00000004   Data   RW         2936    .data               system_stm32f4xx.o
    0x20000028   0x080066f4   0x00000002   Data   RW         3087    .data               homing.o
    0x2000002a   0x080066f6   0x00000002   PAD
    0x2000002c   0x080066f8   0x00000018   Data   RW         3128    .data               motion_planner.o
    0x20000044   0x08006710   0x0000000b   Data   RW         3224    .data               k210_comm.o
    0x2000004f   0x0800671b   0x00000001   PAD
    0x20000050        -       0x000003ac   Zero   RW           23    .bss                main.o
    0x200003fc        -       0x00000040   Zero   RW         2985    .bss                axis_control.o
    0x2000043c        -       0x00000590   Zero   RW         3223    .bss                k210_comm.o
    0x200009cc        -       0x000000ac   Zero   RW         3302    .bss                chess_logic.o
    0x20000a78        -       0x00000060   Zero   RW         3533    .bss                c_w.l(libspace.o)
    0x20000ad8        -       0x00000200   Zero   RW            2    HEAP                startup_stm32f407xx.o
    0x20000cd8        -       0x00000400   Zero   RW            1    STACK               startup_stm32f407xx.o


==============================================================================

Image component sizes


      Code (inc. data)   RO Data    RW Data    ZI Data      Debug   Object Name

      1204        126          0          0         64       8658   axis_control.o
      1350         88        400          0        172      11185   chess_logic.o
       364         30          0          2          0       2288   homing.o
       872        138          0         11       1424       5774   k210_comm.o
       288         18         16          0          0       2311   keyboard.o
      3578        230          0         24        940     703327   main.o
       812        118          0         24          0       5088   motion_planner.o
        64         26        392          0       1536        844   startup_stm32f407xx.o
       212         36          0          9          0       9405   stm32f4xx_hal.o
       356         28          0          0          0      35089   stm32f4xx_hal_cortex.o
      1436         16          8          0          0       7038   stm32f4xx_hal_dma.o
       556         50          0          0          0       3426   stm32f4xx_hal_gpio.o
       680         58          0          0          0       3267   stm32f4xx_hal_msp.o
      1820         84          0          0          0       5640   stm32f4xx_hal_rcc.o
      2192        150          0          0          0      14634   stm32f4xx_hal_tim.o
       296         30          0          0          0       2196   stm32f4xx_hal_tim_ex.o
      2890         28          0          0          0      16778   stm32f4xx_hal_uart.o
       140         12          0          0          0       7165   stm32f4xx_it.o
        20          6         24          4          0       1135   system_stm32f4xx.o

    ----------------------------------------------------------------------
     19148       1272        874         80       4136     845248   Object Totals
         0          0         32          0          0          0   (incl. Generated)
        18          0          2          6          0          0   (incl. Padding)

    ----------------------------------------------------------------------

      Code (inc. data)   RO Data    RW Data    ZI Data      Debug   Library Member Name

        60          8          0          0          0         84   __0sscanf.o
         8          0          0          0          0         68   __main.o
         0          0          0          0          0          0   __rtentry.o
        12          0          0          0          0          0   __rtentry2.o
         6          0          0          0          0          0   __rtentry4.o
        52          8          0          0          0          0   __scatter.o
        26          0          0          0          0          0   __scatter_copy.o
        28          0          0          0          0          0   __scatter_zi.o
        28          0          0          0          0         68   _chval.o
        22          0          0          0          0        100   _rserrno.o
       884          6          0          0          0        100   _scanf.o
       332          0          0          0          0         96   _scanf_int.o
       224          0          0          0          0         96   _scanf_str.o
        64          0          0          0          0         84   _sgetc.o
        18          0          0          0          0         80   exit.o
         6          0          0          0          0        152   heapauxi.o
         0          0          0          0          0          0   indicate_semi.o
        18          0          0          0          0         76   isspace.o
        44         10        272          0          0         76   lc_ctype_c.o
         2          0          0          0          0          0   libinit.o
        24          0          0          0          0          0   libinit2.o
         2          0          0          0          0          0   libshutdown.o
         2          0          0          0          0          0   libshutdown2.o
         8          4          0          0         96         68   libspace.o
       238          0          0          0          0        100   lludivv7m.o
        16          4          0          0          0         76   rt_ctype_table.o
         8          4          0          0          0         68   rt_errno_addr_intlibspace.o
         8          4          0          0          0         68   rt_locale_intlibspace.o
        68          0          0          0          0         68   rt_memclr.o
        78          0          0          0          0         80   rt_memclr_w.o
       138          0          0          0          0         68   rt_memcpy_v6.o
       100          0          0          0          0         80   rt_memcpy_w.o
         2          0          0          0          0          0   rtexit.o
        10          0          0          0          0          0   rtexit2.o
        44          8          0          0          0         84   scanf_char.o
       128          0          0          0          0         68   strcmpv7m.o
        86          0          0          0          0         76   strncpy.o
        12          4          0          0          0         68   sys_exit.o
        74          0          0          0          0         80   sys_stackheap_outer.o
         2          0          0          0          0         68   use_no_semi.o
        24          0          0          0          0        164   basic.o
        98          4          0          0          0        140   d2f.o
       804         16          0          0          0        368   daddsub_clz.o
       156          4          0          0          0        140   dnaninf.o
        12          0          0          0          0        116   dretinf.o
        86          4          0          0          0        132   f2d.o
       140          4          0          0          0        132   fnaninf.o
        10          0          0          0          0        116   fpinit.o
        10          0          0          0          0        116   fretinf.o
         0          0          0          0          0          0   usenofp.o
       592         90          0          0          0        184   atan2f.o
       336         56          0          0          0        136   cosf.o
        38          0          0          0          0        116   fpclassifyf.o
        44         12          0          0          0        464   funder.o
       340         24         32          0          0        160   rredf.o
       400         56          0          0          0        212   sinf.o

    ----------------------------------------------------------------------
      5990        330        304          0         96       4896   Library Totals
        18          0          0          0          0          0   (incl. Padding)

    ----------------------------------------------------------------------

      Code (inc. data)   RO Data    RW Data    ZI Data      Debug   Library Name

      2882         60        272          0         96       2200   c_w.l
      1340         32          0          0          0       1424   fz_wm.l
      1750        238         32          0          0       1272   m_wm.l

    ----------------------------------------------------------------------
      5990        330        304          0         96       4896   Library Totals

    ----------------------------------------------------------------------

==============================================================================


      Code (inc. data)   RO Data    RW Data    ZI Data      Debug   

     25138       1602       1178         80       4232     833348   Grand Totals
     25138       1602       1178         80       4232     833348   ELF Image Totals
     25138       1602       1178         80          0          0   ROM Totals

==============================================================================

    Total RO  Size (Code + RO Data)                26316 (  25.70kB)
    Total RW  Size (RW Data + ZI Data)              4312 (   4.21kB)
    Total ROM Size (Code + RO Data + RW Data)      26396 (  25.78kB)

==============================================================================

